Archive member included to satisfy reference by file (symbol)

d:/st/stm32cubeide_1.6.0/stm32cubeide/plugins/com.st.stm32cube.ide.mcu.externaltools.gnu-tools-for-stm32.9-2020-q2-update.win32_1.5.0.202011040924/tools/bin/../lib/gcc/arm-none-eabi/9.3.1/../../../../arm-none-eabi/lib/thumb/v6-m/nofp\libc_nano.a(lib_a-errno.o)
                              Core/Src/syscalls.o (__errno)
d:/st/stm32cubeide_1.6.0/stm32cubeide/plugins/com.st.stm32cube.ide.mcu.externaltools.gnu-tools-for-stm32.9-2020-q2-update.win32_1.5.0.202011040924/tools/bin/../lib/gcc/arm-none-eabi/9.3.1/../../../../arm-none-eabi/lib/thumb/v6-m/nofp\libc_nano.a(lib_a-exit.o)
                              d:/st/stm32cubeide_1.6.0/stm32cubeide/plugins/com.st.stm32cube.ide.mcu.externaltools.gnu-tools-for-stm32.9-2020-q2-update.win32_1.5.0.202011040924/tools/bin/../lib/gcc/arm-none-eabi/9.3.1/../../../../arm-none-eabi/lib/thumb/v6-m/nofp/crt0.o (exit)
d:/st/stm32cubeide_1.6.0/stm32cubeide/plugins/com.st.stm32cube.ide.mcu.externaltools.gnu-tools-for-stm32.9-2020-q2-update.win32_1.5.0.202011040924/tools/bin/../lib/gcc/arm-none-eabi/9.3.1/../../../../arm-none-eabi/lib/thumb/v6-m/nofp\libc_nano.a(lib_a-impure.o)
                              d:/st/stm32cubeide_1.6.0/stm32cubeide/plugins/com.st.stm32cube.ide.mcu.externaltools.gnu-tools-for-stm32.9-2020-q2-update.win32_1.5.0.202011040924/tools/bin/../lib/gcc/arm-none-eabi/9.3.1/../../../../arm-none-eabi/lib/thumb/v6-m/nofp\libc_nano.a(lib_a-exit.o) (_global_impure_ptr)
d:/st/stm32cubeide_1.6.0/stm32cubeide/plugins/com.st.stm32cube.ide.mcu.externaltools.gnu-tools-for-stm32.9-2020-q2-update.win32_1.5.0.202011040924/tools/bin/../lib/gcc/arm-none-eabi/9.3.1/../../../../arm-none-eabi/lib/thumb/v6-m/nofp\libc_nano.a(lib_a-init.o)
                              d:/st/stm32cubeide_1.6.0/stm32cubeide/plugins/com.st.stm32cube.ide.mcu.externaltools.gnu-tools-for-stm32.9-2020-q2-update.win32_1.5.0.202011040924/tools/bin/../lib/gcc/arm-none-eabi/9.3.1/../../../../arm-none-eabi/lib/thumb/v6-m/nofp/crt0.o (__libc_init_array)
d:/st/stm32cubeide_1.6.0/stm32cubeide/plugins/com.st.stm32cube.ide.mcu.externaltools.gnu-tools-for-stm32.9-2020-q2-update.win32_1.5.0.202011040924/tools/bin/../lib/gcc/arm-none-eabi/9.3.1/../../../../arm-none-eabi/lib/thumb/v6-m/nofp\libc_nano.a(lib_a-memset.o)
                              d:/st/stm32cubeide_1.6.0/stm32cubeide/plugins/com.st.stm32cube.ide.mcu.externaltools.gnu-tools-for-stm32.9-2020-q2-update.win32_1.5.0.202011040924/tools/bin/../lib/gcc/arm-none-eabi/9.3.1/../../../../arm-none-eabi/lib/thumb/v6-m/nofp/crt0.o (memset)
d:/st/stm32cubeide_1.6.0/stm32cubeide/plugins/com.st.stm32cube.ide.mcu.externaltools.gnu-tools-for-stm32.9-2020-q2-update.win32_1.5.0.202011040924/tools/bin/../lib/gcc/arm-none-eabi/9.3.1/../../../../arm-none-eabi/lib/thumb/v6-m/nofp\libc_nano.a(lib_a-puts.o)
                              Smart1/S1_main.o (puts)
d:/st/stm32cubeide_1.6.0/stm32cubeide/plugins/com.st.stm32cube.ide.mcu.externaltools.gnu-tools-for-stm32.9-2020-q2-update.win32_1.5.0.202011040924/tools/bin/../lib/gcc/arm-none-eabi/9.3.1/../../../../arm-none-eabi/lib/thumb/v6-m/nofp\libc_nano.a(lib_a-wbuf.o)
                              d:/st/stm32cubeide_1.6.0/stm32cubeide/plugins/com.st.stm32cube.ide.mcu.externaltools.gnu-tools-for-stm32.9-2020-q2-update.win32_1.5.0.202011040924/tools/bin/../lib/gcc/arm-none-eabi/9.3.1/../../../../arm-none-eabi/lib/thumb/v6-m/nofp\libc_nano.a(lib_a-puts.o) (__swbuf_r)
d:/st/stm32cubeide_1.6.0/stm32cubeide/plugins/com.st.stm32cube.ide.mcu.externaltools.gnu-tools-for-stm32.9-2020-q2-update.win32_1.5.0.202011040924/tools/bin/../lib/gcc/arm-none-eabi/9.3.1/../../../../arm-none-eabi/lib/thumb/v6-m/nofp\libc_nano.a(lib_a-wsetup.o)
                              d:/st/stm32cubeide_1.6.0/stm32cubeide/plugins/com.st.stm32cube.ide.mcu.externaltools.gnu-tools-for-stm32.9-2020-q2-update.win32_1.5.0.202011040924/tools/bin/../lib/gcc/arm-none-eabi/9.3.1/../../../../arm-none-eabi/lib/thumb/v6-m/nofp\libc_nano.a(lib_a-puts.o) (__swsetup_r)
d:/st/stm32cubeide_1.6.0/stm32cubeide/plugins/com.st.stm32cube.ide.mcu.externaltools.gnu-tools-for-stm32.9-2020-q2-update.win32_1.5.0.202011040924/tools/bin/../lib/gcc/arm-none-eabi/9.3.1/../../../../arm-none-eabi/lib/thumb/v6-m/nofp\libc_nano.a(lib_a-fflush.o)
                              d:/st/stm32cubeide_1.6.0/stm32cubeide/plugins/com.st.stm32cube.ide.mcu.externaltools.gnu-tools-for-stm32.9-2020-q2-update.win32_1.5.0.202011040924/tools/bin/../lib/gcc/arm-none-eabi/9.3.1/../../../../arm-none-eabi/lib/thumb/v6-m/nofp\libc_nano.a(lib_a-wbuf.o) (_fflush_r)
d:/st/stm32cubeide_1.6.0/stm32cubeide/plugins/com.st.stm32cube.ide.mcu.externaltools.gnu-tools-for-stm32.9-2020-q2-update.win32_1.5.0.202011040924/tools/bin/../lib/gcc/arm-none-eabi/9.3.1/../../../../arm-none-eabi/lib/thumb/v6-m/nofp\libc_nano.a(lib_a-findfp.o)
[...]
Memory Configuration

Name             Origin             Length             Attributes
RAM              0x0000000020000000 0x0000000000002000 xrw
FLASH            0x0000000008000000 0x0000000000010000 xr
*default*        0x0000000000000000 0xffffffffffffffff

Linker script and memory map

LOAD d:/st/stm32cubeide_1.6.0/stm32cubeide/plugins/com.st.stm32cube.ide.mcu.externaltools.gnu-tools-for-stm32.9-2020-q2-update.win32_1.5.0.202011040924/tools/bin/../lib/gcc/arm-none-eabi/9.3.1/thumb/v6-m/nofp/crti.o
LOAD d:/st/stm32cubeide_1.6.0/stm32cubeide/plugins/com.st.stm32cube.ide.mcu.externaltools.gnu-tools-for-stm32.9-2020-q2-update.win32_1.5.0.202011040924/tools/bin/../lib/gcc/arm-none-eabi/9.3.1/thumb/v6-m/nofp/crtbegin.o
LOAD d:/st/stm32cubeide_1.6.0/stm32cubeide/plugins/com.st.stm32cube.ide.mcu.externaltools.gnu-tools-for-stm32.9-2020-q2-update.win32_1.5.0.202011040924/tools/bin/../lib/gcc/arm-none-eabi/9.3.1/../../../../arm-none-eabi/lib/thumb/v6-m/nofp/crt0.o
LOAD Core/Src/dma.o
LOAD Core/Src/gpio.o
LOAD Core/Src/main.o
LOAD Core/Src/stm32g0xx_hal_msp.o
LOAD Core/Src/stm32g0xx_it.o
LOAD Core/Src/syscalls.o
LOAD Core/Src/sysmem.o
LOAD Core/Src/system_stm32g0xx.o
LOAD Core/Src/tim.o
LOAD Core/Src/usart.o
LOAD Core/Startup/startup_stm32g031g8ux.o
LOAD Drivers/STM32G0xx_HAL_Driver/Src/stm32g0xx_hal.o
LOAD Drivers/STM32G0xx_HAL_Driver/Src/stm32g0xx_hal_cortex.o
LOAD Drivers/STM32G0xx_HAL_Driver/Src/stm32g0xx_hal_dma.o
LOAD Drivers/STM32G0xx_HAL_Driver/Src/stm32g0xx_hal_dma_ex.o
LOAD Drivers/STM32G0xx_HAL_Driver/Src/stm32g0xx_hal_exti.o
LOAD Drivers/STM32G0xx_HAL_Driver/Src/stm32g0xx_hal_flash.o
LOAD Drivers/STM32G0xx_HAL_Driver/Src/stm32g0xx_hal_flash_ex.o
LOAD Drivers/STM32G0xx_HAL_Driver/Src/stm32g0xx_hal_gpio.o
LOAD Drivers/STM32G0xx_HAL_Driver/Src/stm32g0xx_hal_pwr.o
LOAD Drivers/STM32G0xx_HAL_Driver/Src/stm32g0xx_hal_pwr_ex.o
LOAD Drivers/STM32G0xx_HAL_Driver/Src/stm32g0xx_hal_rcc.o
LOAD Drivers/STM32G0xx_HAL_Driver/Src/stm32g0xx_hal_rcc_ex.o
LOAD Drivers/STM32G0xx_HAL_Driver/Src/stm32g0xx_hal_tim.o
LOAD Drivers/STM32G0xx_HAL_Driver/Src/stm32g0xx_hal_tim_ex.o
LOAD Drivers/STM32G0xx_HAL_Driver/Src/stm32g0xx_hal_uart.o
LOAD Drivers/STM32G0xx_HAL_Driver/Src/stm32g0xx_hal_uart_ex.o
LOAD Drivers/STM32G0xx_HAL_Driver/Src/stm32g0xx_ll_dma.o
LOAD Drivers/STM32G0xx_HAL_Driver/Src/stm32g0xx_ll_rcc.o
LOAD Smart1/S1_main.o
LOAD Smart1/key.o
LOAD Smart1/servo.o
LOAD Smart1/uart.o
LOAD Smart1/ws2812.o
START GROUP
LOAD d:/st/stm32cubeide_1.6.0/stm32cubeide/plugins/com.st.stm32cube.ide.mcu.externaltools.gnu-tools-for-stm32.9-2020-q2-update.win32_1.5.0.202011040924/tools/bin/../lib/gcc/arm-none-eabi/9.3.1/../../../../arm-none-eabi/lib/thumb/v6-m/nofp\libc_nano.a
LOAD d:/st/stm32cubeide_1.6.0/stm32cubeide/plugins/com.st.stm32cube.ide.mcu.externaltools.gnu-tools-for-stm32.9-2020-q2-update.win32_1.5.0.202011040924/tools/bin/../lib/gcc/arm-none-eabi/9.3.1/../../../../arm-none-eabi/lib/thumb/v6-m/nofp\libm.a
END GROUP
START GROUP
LOAD d:/st/stm32cubeide_1.6.0/stm32cubeide/plugins/com.st.stm32cube.ide.mcu.externaltools.gnu-tools-for-stm32.9-2020-q2-update.win32_1.5.0.202011040924/tools/bin/../lib/gcc/arm-none-eabi/9.3.1/thumb/v6-m/nofp\libgcc.a
LOAD d:/st/stm32cubeide_1.6.0/stm32cubeide/plugins/com.st.stm32cube.ide.mcu.externaltools.gnu-tools-for-stm32.9-2020-q2-update.win32_1.5.0.202011040924/tools/bin/../lib/gcc/arm-none-eabi/9.3.1/../../../../arm-none-eabi/lib/thumb/v6-m/nofp\libc_nano.a
END GROUP
START GROUP
LOAD d:/st/stm32cubeide_1.6.0/stm32cubeide/plugins/com.st.stm32cube.ide.mcu.externaltools.gnu-tools-for-stm32.9-2020-q2-update.win32_1.5.0.202011040924/tools/bin/../lib/gcc/arm-none-eabi/9.3.1/thumb/v6-m/nofp\libgcc.a
LOAD d:/st/stm32cubeide_1.6.0/stm32cubeide/plugins/com.st.stm32cube.ide.mcu.externaltools.gnu-tools-for-stm32.9-2020-q2-update.win32_1.5.0.202011040924/tools/bin/../lib/gcc/arm-none-eabi/9.3.1/../../../../arm-none-eabi/lib/thumb/v6-m/nofp\libc_nano.a
LOAD d:/st/stm32cubeide_1.6.0/stm32cubeide/plugins/com.st.stm32cube.ide.mcu.externaltools.gnu-tools-for-stm32.9-2020-q2-update.win32_1.5.0.202011040924/tools/bin/../lib/gcc/arm-none-eabi/9.3.1/../../../../arm-none-eabi/lib/thumb/v6-m/nofp\libnosys.a
END GROUP
START GROUP
LOAD d:/st/stm32cubeide_1.6.0/stm32cubeide/plugins/com.st.stm32cube.ide.mcu.externaltools.gnu-tools-for-stm32.9-2020-q2-update.win32_1.5.0.202011040924/tools/bin/../lib/gcc/arm-none-eabi/9.3.1/thumb/v6-m/nofp\libgcc.a
LOAD d:/st/stm32cubeide_1.6.0/stm32cubeide/plugins/com.st.stm32cube.ide.mcu.externaltools.gnu-tools-for-stm32.9-2020-q2-update.win32_1.5.0.202011040924/tools/bin/../lib/gcc/arm-none-eabi/9.3.1/../../../../arm-none-eabi/lib/thumb/v6-m/nofp\libc_nano.a
LOAD d:/st/stm32cubeide_1.6.0/stm32cubeide/plugins/com.st.stm32cube.ide.mcu.externaltools.gnu-tools-for-stm32.9-2020-q2-update.win32_1.5.0.202011040924/tools/bin/../lib/gcc/arm-none-eabi/9.3.1/../../../../arm-none-eabi/lib/thumb/v6-m/nofp\libnosys.a
END GROUP
LOAD d:/st/stm32cubeide_1.6.0/stm32cubeide/plugins/com.st.stm32cube.ide.mcu.externaltools.gnu-tools-for-stm32.9-2020-q2-update.win32_1.5.0.202011040924/tools/bin/../lib/gcc/arm-none-eabi/9.3.1/thumb/v6-m/nofp/crtend.o
LOAD d:/st/stm32cubeide_1.6.0/stm32cubeide/plugins/com.st.stm32cube.ide.mcu.externaltools.gnu-tools-for-stm32.9-2020-q2-update.win32_1.5.0.202011040924/tools/bin/../lib/gcc/arm-none-eabi/9.3.1/thumb/v6-m/nofp/crtn.o
                0x0000000020002000                _estack = (ORIGIN (RAM) + LENGTH (RAM))
                0x0000000000000200                _Min_Heap_Size = 0x200
                0x0000000000000400                _Min_Stack_Size = 0x400

.isr_vector     0x0000000008000000       0xbc
                0x0000000008000000                . = ALIGN (0x4)
 *(.isr_vector)
 .isr_vector    0x0000000008000000       0xbc Core/Startup/startup_stm32g031g8ux.o
                0x0000000008000000                g_pfnVectors
                0x00000000080000bc                . = ALIGN (0x4)

.text           0x00000000080000bc     0x6d84
                0x00000000080000bc                . = ALIGN (0x4)
 *(.text)
 .text          0x00000000080000bc       0x48 d:/st/stm32cubeide_1.6.0/stm32cubeide/plugins/com.st.stm32cube.ide.mcu.externaltools.gnu-tools-for-stm32.9-2020-q2-update.win32_1.5.0.202011040924/tools/bin/../lib/gcc/arm-none-eabi/9.3.1/thumb/v6-m/nofp/crtbegin.o
 .text          0x0000000008000104      0x114 d:/st/stm32cubeide_1.6.0/stm32cubeide/plugins/com.st.stm32cube.ide.mcu.externaltools.gnu-tools-for-stm32.9-2020-q2-update.win32_1.5.0.202011040924/tools/bin/../lib/gcc/arm-none-eabi/9.3.1/thumb/v6-m/nofp\libgcc.a(_udivsi3.o)
                0x0000000008000104                __aeabi_uidiv
                0x0000000008000104                __udivsi3
                0x0000000008000210                __aeabi_uidivmod
 .text          0x0000000008000218      0x1d4 d:/st/stm32cubeide_1.6.0/stm32cubeide/plugins/com.st.stm32cube.ide.mcu.externaltools.gnu-tools-for-stm32.9-2020-q2-update.win32_1.5.0.202011040924/tools/bin/../lib/gcc/arm-none-eabi/9.3.1/thumb/v6-m/nofp\libgcc.a(_divsi3.o)
                0x0000000008000218                __divsi3
                0x0000000008000218                __aeabi_idiv
                0x00000000080003e4                __aeabi_idivmod
 .text          0x00000000080003ec        0x4 d:/st/stm32cubeide_1.6.0/stm32cubeide/plugins/com.st.stm32cube.ide.mcu.externaltools.gnu-tools-for-stm32.9-2020-q2-update.win32_1.5.0.202011040924/tools/bin/../lib/gcc/arm-none-eabi/9.3.1/thumb/v6-m/nofp\libgcc.a(_dvmd_tls.o)
                0x00000000080003ec                __aeabi_idiv0
                0x00000000080003ec                __aeabi_ldiv0
 .text          0x00000000080003f0       0x40 d:/st/stm32cubeide_1.6.0/stm32cubeide/plugins/com.st.stm32cube.ide.mcu.externaltools.gnu-tools-for-stm32.9-2020-q2-update.win32_1.5.0.202011040924/tools/bin/../lib/gcc/arm-none-eabi/9.3.1/thumb/v6-m/nofp\libgcc.a(_aeabi_uldivmod.o)
                0x00000000080003f0                __aeabi_uldivmod
 .text          0x0000000008000430      0x198 d:/st/stm32cubeide_1.6.0/stm32cubeide/plugins/com.st.stm32cube.ide.mcu.externaltools.gnu-tools-for-stm32.9-2020-q2-update.win32_1.5.0.202011040924/tools/bin/../lib/gcc/arm-none-eabi/9.3.1/thumb/v6-m/nofp\libgcc.a(_udivmoddi4.o)
                0x0000000008000430                __udivmoddi4
 .text          0x00000000080005c8       0x18 d:/st/stm32cubeide_1.6.0/stm32cubeide/plugins/com.st.stm32cube.ide.mcu.externaltools.gnu-tools-for-stm32.9-2020-q2-update.win32_1.5.0.202011040924/tools/bin/../lib/gcc/arm-none-eabi/9.3.1/thumb/v6-m/nofp\libgcc.a(_clzdi2.o)
                0x00000000080005c8                __clzdi2
 .text          0x00000000080005e0       0x3c d:/st/stm32cubeide_1.6.0/stm32cubeide/plugins/com.st.stm32cube.ide.mcu.externaltools.gnu-tools-for-stm32.9-2020-q2-update.win32_1.5.0.202011040924/tools/bin/../lib/gcc/arm-none-eabi/9.3.1/thumb/v6-m/nofp\libgcc.a(_clzsi2.o)
                0x00000000080005e0                __clzsi2
 *(.text*)
 .text.MX_DMA_Init
                0x000000000800061c       0x3c Core/Src/dma.o
                0x000000000800061c                MX_DMA_Init
 .text.MX_GPIO_Init
                0x0000000008000658      0x170 Core/Src/gpio.o
                0x0000000008000658                MX_GPIO_Init
 .text.main     0x00000000080007c8       0x2e Core/Src/main.o
                0x00000000080007c8                main
 .text.SystemClock_Config
                0x00000000080007f6       0xea Core/Src/main.o
                0x00000000080007f6                SystemClock_Config
 .text.Error_Handler
                0x00000000080008e0        0xa Core/Src/main.o
                0x00000000080008e0                Error_Handler
 *fill*         0x00000000080008ea        0x2 
 .text.HAL_MspInit
                0x00000000080008ec       0x48 Core/Src/stm32g0xx_hal_msp.o
                0x00000000080008ec                HAL_MspInit
 .text.NMI_Handler
                0x0000000008000934        0x6 Core/Src/stm32g0xx_it.o
                0x0000000008000934                NMI_Handler
 .text.HardFault_Handler
                0x000000000800093a        0x6 Core/Src/stm32g0xx_it.o
                0x000000000800093a                HardFault_Handler
 .text.SVC_Handler
                0x0000000008000940        0xa Core/Src/stm32g0xx_it.o
                0x0000000008000940                SVC_Handler
 .text.PendSV_Handler
                0x000000000800094a        0xa Core/Src/stm32g0xx_it.o
                0x000000000800094a                PendSV_Handler
 .text.SysTick_Handler
                0x0000000008000954        0xe Core/Src/stm32g0xx_it.o
                0x0000000008000954                SysTick_Handler
 *fill*         0x0000000008000962        0x2 
 .text.DMA1_Channel1_IRQHandler
                0x0000000008000964       0x34 Core/Src/stm32g0xx_it.o
                0x0000000008000964                DMA1_Channel1_IRQHandler
 .text.USART1_IRQHandler
                0x0000000008000998       0x18 Core/Src/stm32g0xx_it.o
                0x0000000008000998                USART1_IRQHandler
 .text._read    0x00000000080009b0       0x3a Core/Src/syscalls.o
                0x00000000080009b0                _read
 .text._write   0x00000000080009ea       0x38 Core/Src/syscalls.o
                0x00000000080009ea                _write
 .text._close   0x0000000008000a22       0x14 Core/Src/syscalls.o
                0x0000000008000a22                _close
 .text._fstat   0x0000000008000a36       0x1c Core/Src/syscalls.o
                0x0000000008000a36                _fstat
 .text._isatty  0x0000000008000a52       0x12 Core/Src/syscalls.o
                0x0000000008000a52                _isatty
 .text._lseek   0x0000000008000a64       0x16 Core/Src/syscalls.o
                0x0000000008000a64                _lseek
 *fill*         0x0000000008000a7a        0x2 
 .text._sbrk    0x0000000008000a7c       0x6c Core/Src/sysmem.o
                0x0000000008000a7c                _sbrk
 .text.SystemInit
                0x0000000008000ae8       0x18 Core/Src/system_stm32g0xx.o
                0x0000000008000ae8                SystemInit
 .text.MX_TIM2_Init
                0x0000000008000b00       0xfc Core/Src/tim.o
                0x0000000008000b00                MX_TIM2_Init
 .text.MX_TIM3_Init
                0x0000000008000bfc       0xc4 Core/Src/tim.o
                0x0000000008000bfc                MX_TIM3_Init
 .text.HAL_TIM_Base_MspInit
                0x0000000008000cc0       0x98 Core/Src/tim.o
                0x0000000008000cc0                HAL_TIM_Base_MspInit
 .text.HAL_TIM_PWM_MspInit
                0x0000000008000d58       0x3c Core/Src/tim.o
                0x0000000008000d58                HAL_TIM_PWM_MspInit
 .text.HAL_TIM_MspPostInit
                0x0000000008000d94       0xcc Core/Src/tim.o
                0x0000000008000d94                HAL_TIM_MspPostInit
 .text.MX_USART1_UART_Init
                0x0000000008000e60       0x9c Core/Src/usart.o
                0x0000000008000e60                MX_USART1_UART_Init
 .text.MX_USART2_UART_Init
                0x0000000008000efc       0x68 Core/Src/usart.o
                0x0000000008000efc                MX_USART2_UART_Init
 .text.HAL_UART_MspInit
                0x0000000008000f64      0x118 Core/Src/usart.o
                0x0000000008000f64                HAL_UART_MspInit
 .text.Reset_Handler
                0x000000000800107c       0x50 Core/Startup/startup_stm32g031g8ux.o
                0x000000000800107c                Reset_Handler
 .text.Default_Handler
                0x00000000080010cc        0x2 Core/Startup/startup_stm32g031g8ux.o
                0x00000000080010cc                TIM1_CC_IRQHandler
                0x00000000080010cc                PVD_IRQHandler
                0x00000000080010cc                I2C1_IRQHandler
                0x00000000080010cc                LPTIM2_IRQHandler
                0x00000000080010cc                RTC_TAMP_IRQHandler
                0x00000000080010cc                SPI1_IRQHandler
                0x00000000080010cc                DMA1_Ch4_5_DMAMUX1_OVR_IRQHandler
                0x00000000080010cc                EXTI2_3_IRQHandler
                0x00000000080010cc                ADC1_IRQHandler
                0x00000000080010cc                I2C2_IRQHandler
                0x00000000080010cc                TIM17_IRQHandler
                0x00000000080010cc                TIM16_IRQHandler
                0x00000000080010cc                TIM3_IRQHandler
                0x00000000080010cc                EXTI4_15_IRQHandler
                0x00000000080010cc                RCC_IRQHandler
                0x00000000080010cc                Default_Handler
                0x00000000080010cc                TIM14_IRQHandler
                0x00000000080010cc                EXTI0_1_IRQHandler
                0x00000000080010cc                SPI2_IRQHandler
                0x00000000080010cc                WWDG_IRQHandler
                0x00000000080010cc                LPUART1_IRQHandler
                0x00000000080010cc                TIM2_IRQHandler
                0x00000000080010cc                DMA1_Channel2_3_IRQHandler
                0x00000000080010cc                USART2_IRQHandler
                0x00000000080010cc                FLASH_IRQHandler
                0x00000000080010cc                TIM1_BRK_UP_TRG_COM_IRQHandler
                0x00000000080010cc                LPTIM1_IRQHandler
 *fill*         0x00000000080010ce        0x2 
 .text.HAL_Init
                0x00000000080010d0       0x40 Drivers/STM32G0xx_HAL_Driver/Src/stm32g0xx_hal.o
                0x00000000080010d0                HAL_Init
 .text.HAL_InitTick
                0x0000000008001110       0x94 Drivers/STM32G0xx_HAL_Driver/Src/stm32g0xx_hal.o
                0x0000000008001110                HAL_InitTick
 .text.HAL_IncTick
                0x00000000080011a4       0x24 Drivers/STM32G0xx_HAL_Driver/Src/stm32g0xx_hal.o
                0x00000000080011a4                HAL_IncTick
 .text.HAL_GetTick
                0x00000000080011c8       0x14 Drivers/STM32G0xx_HAL_Driver/Src/stm32g0xx_hal.o
                0x00000000080011c8                HAL_GetTick
 .text.HAL_Delay
                0x00000000080011dc       0x48 Drivers/STM32G0xx_HAL_Driver/Src/stm32g0xx_hal.o
                0x00000000080011dc                HAL_Delay
 .text.__NVIC_EnableIRQ
                0x0000000008001224       0x34 Drivers/STM32G0xx_HAL_Driver/Src/stm32g0xx_hal_cortex.o
 .text.__NVIC_SetPriority
                0x0000000008001258       0xdc Drivers/STM32G0xx_HAL_Driver/Src/stm32g0xx_hal_cortex.o
 .text.SysTick_Config
                0x0000000008001334       0x48 Drivers/STM32G0xx_HAL_Driver/Src/stm32g0xx_hal_cortex.o
 .text.HAL_NVIC_SetPriority
                0x000000000800137c       0x2a Drivers/STM32G0xx_HAL_Driver/Src/stm32g0xx_hal_cortex.o
                0x000000000800137c                HAL_NVIC_SetPriority
 .text.HAL_NVIC_EnableIRQ
                0x00000000080013a6       0x20 Drivers/STM32G0xx_HAL_Driver/Src/stm32g0xx_hal_cortex.o
                0x00000000080013a6                HAL_NVIC_EnableIRQ
 .text.HAL_SYSTICK_Config
                0x00000000080013c6       0x1a Drivers/STM32G0xx_HAL_Driver/Src/stm32g0xx_hal_cortex.o
                0x00000000080013c6                HAL_SYSTICK_Config
 .text.HAL_DMA_Init
                0x00000000080013e0      0x114 Drivers/STM32G0xx_HAL_Driver/Src/stm32g0xx_hal_dma.o
                0x00000000080013e0                HAL_DMA_Init
 .text.HAL_DMA_Start_IT
                0x00000000080014f4      0x10c Drivers/STM32G0xx_HAL_Driver/Src/stm32g0xx_hal_dma.o
                0x00000000080014f4                HAL_DMA_Start_IT
 .text.HAL_DMA_Abort
                0x0000000008001600       0xc4 Drivers/STM32G0xx_HAL_Driver/Src/stm32g0xx_hal_dma.o
                0x0000000008001600                HAL_DMA_Abort
 .text.HAL_DMA_Abort_IT
                0x00000000080016c4       0xd4 Drivers/STM32G0xx_HAL_Driver/Src/stm32g0xx_hal_dma.o
                0x00000000080016c4                HAL_DMA_Abort_IT
 .text.HAL_DMA_IRQHandler
                0x0000000008001798      0x164 Drivers/STM32G0xx_HAL_Driver/Src/stm32g0xx_hal_dma.o
                0x0000000008001798                HAL_DMA_IRQHandler
 .text.DMA_SetConfig
                0x00000000080018fc       0x80 Drivers/STM32G0xx_HAL_Driver/Src/stm32g0xx_hal_dma.o
 .text.DMA_CalcDMAMUXChannelBaseAndMask
                0x000000000800197c       0x58 Drivers/STM32G0xx_HAL_Driver/Src/stm32g0xx_hal_dma.o
 .text.DMA_CalcDMAMUXRequestGenBaseAndMask
                0x00000000080019d4       0x48 Drivers/STM32G0xx_HAL_Driver/Src/stm32g0xx_hal_dma.o
 .text.HAL_GPIO_Init
                0x0000000008001a1c      0x2c8 Drivers/STM32G0xx_HAL_Driver/Src/stm32g0xx_hal_gpio.o
                0x0000000008001a1c                HAL_GPIO_Init
 .text.HAL_GPIO_ReadPin
                0x0000000008001ce4       0x3a Drivers/STM32G0xx_HAL_Driver/Src/stm32g0xx_hal_gpio.o
                0x0000000008001ce4                HAL_GPIO_ReadPin
 .text.HAL_GPIO_WritePin
                0x0000000008001d1e       0x3a Drivers/STM32G0xx_HAL_Driver/Src/stm32g0xx_hal_gpio.o
                0x0000000008001d1e                HAL_GPIO_WritePin
 .text.HAL_PWREx_ControlVoltageScaling
                0x0000000008001d58       0x80 Drivers/STM32G0xx_HAL_Driver/Src/stm32g0xx_hal_pwr_ex.o
                0x0000000008001d58                HAL_PWREx_ControlVoltageScaling
 .text.LL_RCC_GetAPB1Prescaler
                0x0000000008001dd8       0x18 Drivers/STM32G0xx_HAL_Driver/Src/stm32g0xx_hal_rcc.o
 .text.HAL_RCC_OscConfig
                0x0000000008001df0      0x640 Drivers/STM32G0xx_HAL_Driver/Src/stm32g0xx_hal_rcc.o
                0x0000000008001df0                HAL_RCC_OscConfig
 .text.HAL_RCC_ClockConfig
                0x0000000008002430      0x210 Drivers/STM32G0xx_HAL_Driver/Src/stm32g0xx_hal_rcc.o
                0x0000000008002430                HAL_RCC_ClockConfig
 .text.HAL_RCC_GetSysClockFreq
                0x0000000008002640      0x104 Drivers/STM32G0xx_HAL_Driver/Src/stm32g0xx_hal_rcc.o
                0x0000000008002640                HAL_RCC_GetSysClockFreq
 .text.HAL_RCC_GetHCLKFreq
                0x0000000008002744       0x14 Drivers/STM32G0xx_HAL_Driver/Src/stm32g0xx_hal_rcc.o
                0x0000000008002744                HAL_RCC_GetHCLKFreq
 .text.HAL_RCC_GetPCLK1Freq
                0x0000000008002758       0x2c Drivers/STM32G0xx_HAL_Driver/Src/stm32g0xx_hal_rcc.o
                0x0000000008002758                HAL_RCC_GetPCLK1Freq
 .text.HAL_RCCEx_PeriphCLKConfig
                0x0000000008002784      0x2f4 Drivers/STM32G0xx_HAL_Driver/Src/stm32g0xx_hal_rcc_ex.o
                0x0000000008002784                HAL_RCCEx_PeriphCLKConfig
 .text.HAL_TIM_Base_Init
                0x0000000008002a78       0xb0 Drivers/STM32G0xx_HAL_Driver/Src/stm32g0xx_hal_tim.o
                0x0000000008002a78                HAL_TIM_Base_Init
 .text.HAL_TIM_PWM_Init
                0x0000000008002b28       0xb0 Drivers/STM32G0xx_HAL_Driver/Src/stm32g0xx_hal_tim.o
                0x0000000008002b28                HAL_TIM_PWM_Init
 .text.HAL_TIM_PWM_Start
                0x0000000008002bd8      0x1bc Drivers/STM32G0xx_HAL_Driver/Src/stm32g0xx_hal_tim.o
                0x0000000008002bd8                HAL_TIM_PWM_Start
 .text.HAL_TIM_PWM_Start_DMA
                0x0000000008002d94      0x3c8 Drivers/STM32G0xx_HAL_Driver/Src/stm32g0xx_hal_tim.o
                0x0000000008002d94                HAL_TIM_PWM_Start_DMA
 .text.HAL_TIM_PWM_Stop_DMA
                0x000000000800315c      0x1b4 Drivers/STM32G0xx_HAL_Driver/Src/stm32g0xx_hal_tim.o
                0x000000000800315c                HAL_TIM_PWM_Stop_DMA
 .text.HAL_TIM_PWM_ConfigChannel
                0x0000000008003310      0x1ec Drivers/STM32G0xx_HAL_Driver/Src/stm32g0xx_hal_tim.o
                0x0000000008003310                HAL_TIM_PWM_ConfigChannel
 .text.HAL_TIM_ConfigClockSource
                0x00000000080034fc      0x198 Drivers/STM32G0xx_HAL_Driver/Src/stm32g0xx_hal_tim.o
                0x00000000080034fc                HAL_TIM_ConfigClockSource
 .text.HAL_TIM_PWM_PulseFinishedCallback
                0x0000000008003694       0x10 Drivers/STM32G0xx_HAL_Driver/Src/stm32g0xx_hal_tim.o
                0x0000000008003694                HAL_TIM_PWM_PulseFinishedCallback
 .text.HAL_TIM_PWM_PulseFinishedHalfCpltCallback
                0x00000000080036a4       0x10 Drivers/STM32G0xx_HAL_Driver/Src/stm32g0xx_hal_tim.o
                0x00000000080036a4                HAL_TIM_PWM_PulseFinishedHalfCpltCallback
 .text.HAL_TIM_ErrorCallback
                0x00000000080036b4       0x10 Drivers/STM32G0xx_HAL_Driver/Src/stm32g0xx_hal_tim.o
                0x00000000080036b4                HAL_TIM_ErrorCallback
 .text.TIM_DMAError
                0x00000000080036c4       0x94 Drivers/STM32G0xx_HAL_Driver/Src/stm32g0xx_hal_tim.o
                0x00000000080036c4                TIM_DMAError
 .text.TIM_DMADelayPulseCplt
                0x0000000008003758       0xaa Drivers/STM32G0xx_HAL_Driver/Src/stm32g0xx_hal_tim.o
 .text.TIM_DMADelayPulseHalfCplt
                0x0000000008003802       0x6a Drivers/STM32G0xx_HAL_Driver/Src/stm32g0xx_hal_tim.o
                0x0000000008003802                TIM_DMADelayPulseHalfCplt
 .text.TIM_Base_SetConfig
                0x000000000800386c       0xec Drivers/STM32G0xx_HAL_Driver/Src/stm32g0xx_hal_tim.o
                0x000000000800386c                TIM_Base_SetConfig
 .text.TIM_OC1_SetConfig
                0x0000000008003958      0x100 Drivers/STM32G0xx_HAL_Driver/Src/stm32g0xx_hal_tim.o
 .text.TIM_OC2_SetConfig
                0x0000000008003a58       0xfc Drivers/STM32G0xx_HAL_Driver/Src/stm32g0xx_hal_tim.o
                0x0000000008003a58                TIM_OC2_SetConfig
 .text.TIM_OC3_SetConfig
                0x0000000008003b54      0x104 Drivers/STM32G0xx_HAL_Driver/Src/stm32g0xx_hal_tim.o
 .text.TIM_OC4_SetConfig
                0x0000000008003c58       0xc8 Drivers/STM32G0xx_HAL_Driver/Src/stm32g0xx_hal_tim.o
 .text.TIM_OC5_SetConfig
                0x0000000008003d20       0xb4 Drivers/STM32G0xx_HAL_Driver/Src/stm32g0xx_hal_tim.o
 .text.TIM_OC6_SetConfig
                0x0000000008003dd4       0xbc Drivers/STM32G0xx_HAL_Driver/Src/stm32g0xx_hal_tim.o
 .text.TIM_TI1_ConfigInputStage
                0x0000000008003e90       0x5c Drivers/STM32G0xx_HAL_Driver/Src/stm32g0xx_hal_tim.o
 .text.TIM_TI2_ConfigInputStage
                0x0000000008003eec       0x64 Drivers/STM32G0xx_HAL_Driver/Src/stm32g0xx_hal_tim.o
 .text.TIM_ITRx_SetConfig
                0x0000000008003f50       0x38 Drivers/STM32G0xx_HAL_Driver/Src/stm32g0xx_hal_tim.o
 .text.TIM_ETR_SetConfig
                0x0000000008003f88       0x40 Drivers/STM32G0xx_HAL_Driver/Src/stm32g0xx_hal_tim.o
                0x0000000008003f88                TIM_ETR_SetConfig
 .text.TIM_CCxChannelCmd
                0x0000000008003fc8       0x46 Drivers/STM32G0xx_HAL_Driver/Src/stm32g0xx_hal_tim.o
                0x0000000008003fc8                TIM_CCxChannelCmd
 *fill*         0x000000000800400e        0x2 
 .text.HAL_TIMEx_MasterConfigSynchronization
                0x0000000008004010       0xd0 Drivers/STM32G0xx_HAL_Driver/Src/stm32g0xx_hal_tim_ex.o
                0x0000000008004010                HAL_TIMEx_MasterConfigSynchronization
 .text.HAL_UART_Init
                0x00000000080040e0       0xac Drivers/STM32G0xx_HAL_Driver/Src/stm32g0xx_hal_uart.o
                0x00000000080040e0                HAL_UART_Init
 .text.HAL_HalfDuplex_Init
                0x000000000800418c       0xbc Drivers/STM32G0xx_HAL_Driver/Src/stm32g0xx_hal_uart.o
                0x000000000800418c                HAL_HalfDuplex_Init
 .text.HAL_UART_Transmit
                0x0000000008004248      0x156 Drivers/STM32G0xx_HAL_Driver/Src/stm32g0xx_hal_uart.o
                0x0000000008004248                HAL_UART_Transmit
 .text.HAL_UART_Receive_IT
                0x000000000800439e       0x82 Drivers/STM32G0xx_HAL_Driver/Src/stm32g0xx_hal_uart.o
                0x000000000800439e                HAL_UART_Receive_IT
 .text.HAL_UART_IRQHandler
                0x0000000008004420      0x470 Drivers/STM32G0xx_HAL_Driver/Src/stm32g0xx_hal_uart.o
                0x0000000008004420                HAL_UART_IRQHandler
 .text.HAL_UART_TxCpltCallback
                0x0000000008004890       0x10 Drivers/STM32G0xx_HAL_Driver/Src/stm32g0xx_hal_uart.o
                0x0000000008004890                HAL_UART_TxCpltCallback
 .text.HAL_UART_ErrorCallback
                0x00000000080048a0       0x10 Drivers/STM32G0xx_HAL_Driver/Src/stm32g0xx_hal_uart.o
                0x00000000080048a0                HAL_UART_ErrorCallback
 .text.HAL_UARTEx_RxEventCallback
                0x00000000080048b0       0x16 Drivers/STM32G0xx_HAL_Driver/Src/stm32g0xx_hal_uart.o
                0x00000000080048b0                HAL_UARTEx_RxEventCallback
 *fill*         0x00000000080048c6        0x2 
 .text.UART_SetConfig
                0x00000000080048c8      0x52c Drivers/STM32G0xx_HAL_Driver/Src/stm32g0xx_hal_uart.o
                0x00000000080048c8                UART_SetConfig
 .text.UART_AdvFeatureConfig
                0x0000000008004df4      0x168 Drivers/STM32G0xx_HAL_Driver/Src/stm32g0xx_hal_uart.o
                0x0000000008004df4                UART_AdvFeatureConfig
 .text.UART_CheckIdleState
                0x0000000008004f5c       0x94 Drivers/STM32G0xx_HAL_Driver/Src/stm32g0xx_hal_uart.o
                0x0000000008004f5c                UART_CheckIdleState
 .text.UART_WaitOnFlagUntilTimeout
                0x0000000008004ff0      0x104 Drivers/STM32G0xx_HAL_Driver/Src/stm32g0xx_hal_uart.o
                0x0000000008004ff0                UART_WaitOnFlagUntilTimeout
 .text.UART_Start_Receive_IT
                0x00000000080050f4      0x190 Drivers/STM32G0xx_HAL_Driver/Src/stm32g0xx_hal_uart.o
                0x00000000080050f4                UART_Start_Receive_IT
 .text.UART_EndRxTransfer
                0x0000000008005284       0x64 Drivers/STM32G0xx_HAL_Driver/Src/stm32g0xx_hal_uart.o
 .text.UART_DMAAbortOnError
                0x00000000080052e8       0x2e Drivers/STM32G0xx_HAL_Driver/Src/stm32g0xx_hal_uart.o
 .text.UART_EndTransmit_IT
                0x0000000008005316       0x36 Drivers/STM32G0xx_HAL_Driver/Src/stm32g0xx_hal_uart.o
 .text.UART_RxISR_8BIT
                0x000000000800534c       0xec Drivers/STM32G0xx_HAL_Driver/Src/stm32g0xx_hal_uart.o
 .text.UART_RxISR_16BIT
                0x0000000008005438       0xec Drivers/STM32G0xx_HAL_Driver/Src/stm32g0xx_hal_uart.o
 .text.UART_RxISR_8BIT_FIFOEN
                0x0000000008005524      0x224 Drivers/STM32G0xx_HAL_Driver/Src/stm32g0xx_hal_uart.o
 .text.UART_RxISR_16BIT_FIFOEN
                0x0000000008005748      0x224 Drivers/STM32G0xx_HAL_Driver/Src/stm32g0xx_hal_uart.o
 .text.HAL_UARTEx_WakeupCallback
                0x000000000800596c       0x10 Drivers/STM32G0xx_HAL_Driver/Src/stm32g0xx_hal_uart_ex.o
                0x000000000800596c                HAL_UARTEx_WakeupCallback
 .text.HAL_UARTEx_RxFifoFullCallback
                0x000000000800597c       0x10 Drivers/STM32G0xx_HAL_Driver/Src/stm32g0xx_hal_uart_ex.o
                0x000000000800597c                HAL_UARTEx_RxFifoFullCallback
 .text.HAL_UARTEx_TxFifoEmptyCallback
                0x000000000800598c       0x10 Drivers/STM32G0xx_HAL_Driver/Src/stm32g0xx_hal_uart_ex.o
                0x000000000800598c                HAL_UARTEx_TxFifoEmptyCallback
 .text.HAL_UARTEx_DisableFifoMode
                0x000000000800599c       0x74 Drivers/STM32G0xx_HAL_Driver/Src/stm32g0xx_hal_uart_ex.o
                0x000000000800599c                HAL_UARTEx_DisableFifoMode
 .text.HAL_UARTEx_SetTxFifoThreshold
                0x0000000008005a10       0x7e Drivers/STM32G0xx_HAL_Driver/Src/stm32g0xx_hal_uart_ex.o
                0x0000000008005a10                HAL_UARTEx_SetTxFifoThreshold
 *fill*         0x0000000008005a8e        0x2 
 .text.HAL_UARTEx_SetRxFifoThreshold
                0x0000000008005a90       0x84 Drivers/STM32G0xx_HAL_Driver/Src/stm32g0xx_hal_uart_ex.o
                0x0000000008005a90                HAL_UARTEx_SetRxFifoThreshold
 .text.UARTEx_SetNbDataToProcess
                0x0000000008005b14       0xd4 Drivers/STM32G0xx_HAL_Driver/Src/stm32g0xx_hal_uart_ex.o
 .text.key_process
                0x0000000008005be8      0x158 Smart1/S1_main.o
                0x0000000008005be8                key_process
 .text.idle     0x0000000008005d40       0x4c Smart1/S1_main.o
                0x0000000008005d40                idle
 .text.setup    0x0000000008005d8c       0x24 Smart1/S1_main.o
                0x0000000008005d8c                setup
 .text.loop     0x0000000008005db0       0x12 Smart1/S1_main.o
                0x0000000008005db0                loop
 *fill*         0x0000000008005dc2        0x2 
 .text.mode_button_tick
                0x0000000008005dc4       0xd4 Smart1/key.o
                0x0000000008005dc4                mode_button_tick
 .text.shot_button_tick
                0x0000000008005e98       0xa4 Smart1/key.o
                0x0000000008005e98                shot_button_tick
 .text.servo_init
                0x0000000008005f3c       0x2c Smart1/servo.o
                0x0000000008005f3c                servo_init
 .text.servo_set_angle
                0x0000000008005f68       0x34 Smart1/servo.o
                0x0000000008005f68                servo_set_angle
 .text.uart_init
                0x0000000008005f9c       0x20 Smart1/uart.o
                0x0000000008005f9c                uart_init
 .text.HAL_UART_RxCpltCallback
                0x0000000008005fbc       0xbc Smart1/uart.o
                0x0000000008005fbc                HAL_UART_RxCpltCallback
 .text.__io_putchar
                0x0000000008006078       0x24 Smart1/uart.o
                0x0000000008006078                __io_putchar
 .text.ws281x_init
                0x000000000800609c        0xe Smart1/ws2812.o
                0x000000000800609c                ws281x_init
 *fill*         0x00000000080060aa        0x2 
 .text.ws281x_close_all
                0x00000000080060ac       0x4c Smart1/ws2812.o
                0x00000000080060ac                ws281x_close_all
 .text.ws281x_set_Pixe_rgb_buf
                0x00000000080060f8       0xa0 Smart1/ws2812.o
                0x00000000080060f8                ws281x_set_Pixe_rgb_buf
 .text.ws281x_set_group_all_rgb_buf
                0x0000000008006198       0xf0 Smart1/ws2812.o
                0x0000000008006198                ws281x_set_group_all_rgb_buf
 .text.ws281x_light
                0x0000000008006288       0x20 Smart1/ws2812.o
                0x0000000008006288                ws281x_light
 .text.ws281x_set_all_rgb_buf_light
                0x00000000080062a8       0x3c Smart1/ws2812.o
                0x00000000080062a8                ws281x_set_all_rgb_buf_light
 .text.ws2812_blu_style
                0x00000000080062e4       0x1a Smart1/ws2812.o
                0x00000000080062e4                ws2812_blu_style
 .text.ws2812_org_style
                0x00000000080062fe       0x1a Smart1/ws2812.o
                0x00000000080062fe                ws2812_org_style
 .text.ws2812_shot_blu_style
                0x0000000008006318       0x46 Smart1/ws2812.o
                0x0000000008006318                ws2812_shot_blu_style
 .text.ws2812_shot_org_style
                0x000000000800635e       0x46 Smart1/ws2812.o
                0x000000000800635e                ws2812_shot_org_style
 .text.__errno  0x00000000080063a4        0xc d:/st/stm32cubeide_1.6.0/stm32cubeide/plugins/com.st.stm32cube.ide.mcu.externaltools.gnu-tools-for-stm32.9-2020-q2-update.win32_1.5.0.202011040924/tools/bin/../lib/gcc/arm-none-eabi/9.3.1/../../../../arm-none-eabi/lib/thumb/v6-m/nofp\libc_nano.a(lib_a-errno.o)
                0x00000000080063a4                __errno
 .text.__libc_init_array
                0x00000000080063b0       0x48 d:/st/stm32cubeide_1.6.0/stm32cubeide/plugins/com.st.stm32cube.ide.mcu.externaltools.gnu-tools-for-stm32.9-2020-q2-update.win32_1.5.0.202011040924/tools/bin/../lib/gcc/arm-none-eabi/9.3.1/../../../../arm-none-eabi/lib/thumb/v6-m/nofp\libc_nano.a(lib_a-init.o)
                0x00000000080063b0                __libc_init_array
 .text.memset   0x00000000080063f8       0x10 d:/st/stm32cubeide_1.6.0/stm32cubeide/plugins/com.st.stm32cube.ide.mcu.externaltools.gnu-tools-for-stm32.9-2020-q2-update.win32_1.5.0.202011040924/tools/bin/../lib/gcc/arm-none-eabi/9.3.1/../../../../arm-none-eabi/lib/thumb/v6-m/nofp\libc_nano.a(lib_a-memset.o)
                0x00000000080063f8                memset
 .text._puts_r  0x0000000008006408       0xe4 d:/st/stm32cubeide_1.6.0/stm32cubeide/plugins/com.st.stm32cube.ide.mcu.externaltools.gnu-tools-for-stm32.9-2020-q2-update.win32_1.5.0.202011040924/tools/bin/../lib/gcc/arm-none-eabi/9.3.1/../../../../arm-none-eabi/lib/thumb/v6-m/nofp\libc_nano.a(lib_a-puts.o)
                0x0000000008006408                _puts_r
 .text.puts     0x00000000080064ec       0x14 d:/st/stm32cubeide_1.6.0/stm32cubeide/plugins/com.st.stm32cube.ide.mcu.externaltools.gnu-tools-for-stm32.9-2020-q2-update.win32_1.5.0.202011040924/tools/bin/../lib/gcc/arm-none-eabi/9.3.1/../../../../arm-none-eabi/lib/thumb/v6-m/nofp\libc_nano.a(lib_a-puts.o)
                0x00000000080064ec                puts
 .text.__swbuf_r
                0x0000000008006500       0xac d:/st/stm32cubeide_1.6.0/stm32cubeide/plugins/com.st.stm32cube.ide.mcu.externaltools.gnu-tools-for-stm32.9-2020-q2-update.win32_1.5.0.202011040924/tools/bin/../lib/gcc/arm-none-eabi/9.3.1/../../../../arm-none-eabi/lib/thumb/v6-m/nofp\libc_nano.a(lib_a-wbuf.o)
                0x0000000008006500                __swbuf_r
 .text.__swsetup_r
                0x00000000080065ac       0xf0 d:/st/stm32cubeide_1.6.0/stm32cubeide/plugins/com.st.stm32cube.ide.mcu.externaltools.gnu-tools-for-stm32.9-2020-q2-update.win32_1.5.0.202011040924/tools/bin/../lib/gcc/arm-none-eabi/9.3.1/../../../../arm-none-eabi/lib/thumb/v6-m/nofp\libc_nano.a(lib_a-wsetup.o)
                0x00000000080065ac                __swsetup_r
 .text.__sflush_r
                0x000000000800669c      0x118 d:/st/stm32cubeide_1.6.0/stm32cubeide/plugins/com.st.stm32cube.ide.mcu.externaltools.gnu-tools-for-stm32.9-2020-q2-update.win32_1.5.0.202011040924/tools/bin/../lib/gcc/arm-none-eabi/9.3.1/../../../../arm-none-eabi/lib/thumb/v6-m/nofp\libc_nano.a(lib_a-fflush.o)
                0x000000000800669c                __sflush_r
 .text._fflush_r
                0x00000000080067b4       0x80 d:/st/stm32cubeide_1.6.0/stm32cubeide/plugins/com.st.stm32cube.ide.mcu.externaltools.gnu-tools-for-stm32.9-2020-q2-update.win32_1.5.0.202011040924/tools/bin/../lib/gcc/arm-none-eabi/9.3.1/../../../../arm-none-eabi/lib/thumb/v6-m/nofp\libc_nano.a(lib_a-fflush.o)
                0x00000000080067b4                _fflush_r
 .text.std      0x0000000008006834       0x48 d:/st/stm32cubeide_1.6.0/stm32cubeide/plugins/com.st.stm32cube.ide.mcu.externaltools.gnu-tools-for-stm32.9-2020-q2-update.win32_1.5.0.202011040924/tools/bin/../lib/gcc/arm-none-eabi/9.3.1/../../../../arm-none-eabi/lib/thumb/v6-m/nofp\libc_nano.a(lib_a-findfp.o)
 .text._cleanup_r
                0x000000000800687c       0x10 d:/st/stm32cubeide_1.6.0/stm32cubeide/plugins/com.st.stm32cube.ide.mcu.externaltools.gnu-tools-for-stm32.9-2020-q2-update.win32_1.5.0.202011040924/tools/bin/../lib/gcc/arm-none-eabi/9.3.1/../../../../arm-none-eabi/lib/thumb/v6-m/nofp\libc_nano.a(lib_a-findfp.o)
                0x000000000800687c                _cleanup_r
 .text.__sfmoreglue
                0x000000000800688c       0x2c d:/st/stm32cubeide_1.6.0/stm32cubeide/plugins/com.st.stm32cube.ide.mcu.externaltools.gnu-tools-for-stm32.9-2020-q2-update.win32_1.5.0.202011040924/tools/bin/../lib/gcc/arm-none-eabi/9.3.1/../../../../arm-none-eabi/lib/thumb/v6-m/nofp\libc_nano.a(lib_a-findfp.o)
                0x000000000800688c                __sfmoreglue
 .text.__sfp_lock_acquire
                0x00000000080068b8       0x10 d:/st/stm32cubeide_1.6.0/stm32cubeide/plugins/com.st.stm32cube.ide.mcu.externaltools.gnu-tools-for-stm32.9-2020-q2-update.win32_1.5.0.202011040924/tools/bin/../lib/gcc/arm-none-eabi/9.3.1/../../../../arm-none-eabi/lib/thumb/v6-m/nofp\libc_nano.a(lib_a-findfp.o)
                0x00000000080068b8                __sfp_lock_acquire
 .text.__sfp_lock_release
                0x00000000080068c8       0x10 d:/st/stm32cubeide_1.6.0/stm32cubeide/plugins/com.st.stm32cube.ide.mcu.externaltools.gnu-tools-for-stm32.9-2020-q2-update.win32_1.5.0.202011040924/tools/bin/../lib/gcc/arm-none-eabi/9.3.1/../../../../arm-none-eabi/lib/thumb/v6-m/nofp\libc_nano.a(lib_a-findfp.o)
                0x00000000080068c8                __sfp_lock_release
 .text.__sinit_lock_acquire
                0x00000000080068d8       0x10 d:/st/stm32cubeide_1.6.0/stm32cubeide/plugins/com.st.stm32cube.ide.mcu.externaltools.gnu-tools-for-stm32.9-2020-q2-update.win32_1.5.0.202011040924/tools/bin/../lib/gcc/arm-none-eabi/9.3.1/../../../../arm-none-eabi/lib/thumb/v6-m/nofp\libc_nano.a(lib_a-findfp.o)
                0x00000000080068d8                __sinit_lock_acquire
 .text.__sinit_lock_release
                0x00000000080068e8       0x10 d:/st/stm32cubeide_1.6.0/stm32cubeide/plugins/com.st.stm32cube.ide.mcu.externaltools.gnu-tools-for-stm32.9-2020-q2-update.win32_1.5.0.202011040924/tools/bin/../lib/gcc/arm-none-eabi/9.3.1/../../../../arm-none-eabi/lib/thumb/v6-m/nofp\libc_nano.a(lib_a-findfp.o)
                0x00000000080068e8                __sinit_lock_release
 .text.__sinit  0x00000000080068f8       0x70 d:/st/stm32cubeide_1.6.0/stm32cubeide/plugins/com.st.stm32cube.ide.mcu.externaltools.gnu-tools-for-stm32.9-2020-q2-update.win32_1.5.0.202011040924/tools/bin/../lib/gcc/arm-none-eabi/9.3.1/../../../../arm-none-eabi/lib/thumb/v6-m/nofp\libc_nano.a(lib_a-findfp.o)
                0x00000000080068f8                __sinit
 .text.__sfp    0x0000000008006968       0x90 d:/st/stm32cubeide_1.6.0/stm32cubeide/plugins/com.st.stm32cube.ide.mcu.externaltools.gnu-tools-for-stm32.9-2020-q2-update.win32_1.5.0.202011040924/tools/bin/../lib/gcc/arm-none-eabi/9.3.1/../../../../arm-none-eabi/lib/thumb/v6-m/nofp\libc_nano.a(lib_a-findfp.o)
                0x0000000008006968                __sfp
 .text._fwalk_reent
                0x00000000080069f8       0x40 d:/st/stm32cubeide_1.6.0/stm32cubeide/plugins/com.st.stm32cube.ide.mcu.externaltools.gnu-tools-for-stm32.9-2020-q2-update.win32_1.5.0.202011040924/tools/bin/../lib/gcc/arm-none-eabi/9.3.1/../../../../arm-none-eabi/lib/thumb/v6-m/nofp\libc_nano.a(lib_a-fwalk.o)
                0x00000000080069f8                _fwalk_reent
 .text.__retarget_lock_init_recursive
                0x0000000008006a38        0x2 d:/st/stm32cubeide_1.6.0/stm32cubeide/plugins/com.st.stm32cube.ide.mcu.externaltools.gnu-tools-for-stm32.9-2020-q2-update.win32_1.5.0.202011040924/tools/bin/../lib/gcc/arm-none-eabi/9.3.1/../../../../arm-none-eabi/lib/thumb/v6-m/nofp\libc_nano.a(lib_a-lock.o)
                0x0000000008006a38                __retarget_lock_init_recursive
 .text.__retarget_lock_acquire_recursive
                0x0000000008006a3a        0x2 d:/st/stm32cubeide_1.6.0/stm32cubeide/plugins/com.st.stm32cube.ide.mcu.externaltools.gnu-tools-for-stm32.9-2020-q2-update.win32_1.5.0.202011040924/tools/bin/../lib/gcc/arm-none-eabi/9.3.1/../../../../arm-none-eabi/lib/thumb/v6-m/nofp\libc_nano.a(lib_a-lock.o)
                0x0000000008006a3a                __retarget_lock_acquire_recursive
 .text.__retarget_lock_release_recursive
                0x0000000008006a3c        0x2 d:/st/stm32cubeide_1.6.0/stm32cubeide/plugins/com.st.stm32cube.ide.mcu.externaltools.gnu-tools-for-stm32.9-2020-q2-update.win32_1.5.0.202011040924/tools/bin/../lib/gcc/arm-none-eabi/9.3.1/../../../../arm-none-eabi/lib/thumb/v6-m/nofp\libc_nano.a(lib_a-lock.o)
                0x0000000008006a3c                __retarget_lock_release_recursive
 *fill*         0x0000000008006a3e        0x2 
 .text.__swhatbuf_r
                0x0000000008006a40       0x50 d:/st/stm32cubeide_1.6.0/stm32cubeide/plugins/com.st.stm32cube.ide.mcu.externaltools.gnu-tools-for-stm32.9-2020-q2-update.win32_1.5.0.202011040924/tools/bin/../lib/gcc/arm-none-eabi/9.3.1/../../../../arm-none-eabi/lib/thumb/v6-m/nofp\libc_nano.a(lib_a-makebuf.o)
                0x0000000008006a40                __swhatbuf_r
 .text.__smakebuf_r
                0x0000000008006a90       0x88 d:/st/stm32cubeide_1.6.0/stm32cubeide/plugins/com.st.stm32cube.ide.mcu.externaltools.gnu-tools-for-stm32.9-2020-q2-update.win32_1.5.0.202011040924/tools/bin/../lib/gcc/arm-none-eabi/9.3.1/../../../../arm-none-eabi/lib/thumb/v6-m/nofp\libc_nano.a(lib_a-makebuf.o)
                0x0000000008006a90                __smakebuf_r
 .text._free_r  0x0000000008006b18       0x94 d:/st/stm32cubeide_1.6.0/stm32cubeide/plugins/com.st.stm32cube.ide.mcu.externaltools.gnu-tools-for-stm32.9-2020-q2-update.win32_1.5.0.202011040924/tools/bin/../lib/gcc/arm-none-eabi/9.3.1/../../../../arm-none-eabi/lib/thumb/v6-m/nofp\libc_nano.a(lib_a-nano-freer.o)
                0x0000000008006b18                _free_r
 .text._malloc_r
                0x0000000008006bac       0xbc d:/st/stm32cubeide_1.6.0/stm32cubeide/plugins/com.st.stm32cube.ide.mcu.externaltools.gnu-tools-for-stm32.9-2020-q2-update.win32_1.5.0.202011040924/tools/bin/../lib/gcc/arm-none-eabi/9.3.1/../../../../arm-none-eabi/lib/thumb/v6-m/nofp\libc_nano.a(lib_a-nano-mallocr.o)
                0x0000000008006bac                _malloc_r
 .text._sbrk_r  0x0000000008006c68       0x24 d:/st/stm32cubeide_1.6.0/stm32cubeide/plugins/com.st.stm32cube.ide.mcu.externaltools.gnu-tools-for-stm32.9-2020-q2-update.win32_1.5.0.202011040924/tools/bin/../lib/gcc/arm-none-eabi/9.3.1/../../../../arm-none-eabi/lib/thumb/v6-m/nofp\libc_nano.a(lib_a-sbrkr.o)
                0x0000000008006c68                _sbrk_r
 .text.__sread  0x0000000008006c8c       0x28 d:/st/stm32cubeide_1.6.0/stm32cubeide/plugins/com.st.stm32cube.ide.mcu.externaltools.gnu-tools-for-stm32.9-2020-q2-update.win32_1.5.0.202011040924/tools/bin/../lib/gcc/arm-none-eabi/9.3.1/../../../../arm-none-eabi/lib/thumb/v6-m/nofp\libc_nano.a(lib_a-stdio.o)
                0x0000000008006c8c                __sread
 .text.__swrite
                0x0000000008006cb4       0x38 d:/st/stm32cubeide_1.6.0/stm32cubeide/plugins/com.st.stm32cube.ide.mcu.externaltools.gnu-tools-for-stm32.9-2020-q2-update.win32_1.5.0.202011040924/tools/bin/../lib/gcc/arm-none-eabi/9.3.1/../../../../arm-none-eabi/lib/thumb/v6-m/nofp\libc_nano.a(lib_a-stdio.o)
                0x0000000008006cb4                __swrite
 .text.__sseek  0x0000000008006cec       0x2c d:/st/stm32cubeide_1.6.0/stm32cubeide/plugins/com.st.stm32cube.ide.mcu.externaltools.gnu-tools-for-stm32.9-2020-q2-update.win32_1.5.0.202011040924/tools/bin/../lib/gcc/arm-none-eabi/9.3.1/../../../../arm-none-eabi/lib/thumb/v6-m/nofp\libc_nano.a(lib_a-stdio.o)
                0x0000000008006cec                __sseek
 .text.__sclose
                0x0000000008006d18        0xc d:/st/stm32cubeide_1.6.0/stm32cubeide/plugins/com.st.stm32cube.ide.mcu.externaltools.gnu-tools-for-stm32.9-2020-q2-update.win32_1.5.0.202011040924/tools/bin/../lib/gcc/arm-none-eabi/9.3.1/../../../../arm-none-eabi/lib/thumb/v6-m/nofp\libc_nano.a(lib_a-stdio.o)
                0x0000000008006d18                __sclose
 .text._write_r
                0x0000000008006d24       0x28 d:/st/stm32cubeide_1.6.0/stm32cubeide/plugins/com.st.stm32cube.ide.mcu.externaltools.gnu-tools-for-stm32.9-2020-q2-update.win32_1.5.0.202011040924/tools/bin/../lib/gcc/arm-none-eabi/9.3.1/../../../../arm-none-eabi/lib/thumb/v6-m/nofp\libc_nano.a(lib_a-writer.o)
                0x0000000008006d24                _write_r
 .text._close_r
                0x0000000008006d4c       0x24 d:/st/stm32cubeide_1.6.0/stm32cubeide/plugins/com.st.stm32cube.ide.mcu.externaltools.gnu-tools-for-stm32.9-2020-q2-update.win32_1.5.0.202011040924/tools/bin/../lib/gcc/arm-none-eabi/9.3.1/../../../../arm-none-eabi/lib/thumb/v6-m/nofp\libc_nano.a(lib_a-closer.o)
                0x0000000008006d4c                _close_r
 .text._fstat_r
                0x0000000008006d70       0x24 d:/st/stm32cubeide_1.6.0/stm32cubeide/plugins/com.st.stm32cube.ide.mcu.externaltools.gnu-tools-for-stm32.9-2020-q2-update.win32_1.5.0.202011040924/tools/bin/../lib/gcc/arm-none-eabi/9.3.1/../../../../arm-none-eabi/lib/thumb/v6-m/nofp\libc_nano.a(lib_a-fstatr.o)
                0x0000000008006d70                _fstat_r
 .text._isatty_r
                0x0000000008006d94       0x24 d:/st/stm32cubeide_1.6.0/stm32cubeide/plugins/com.st.stm32cube.ide.mcu.externaltools.gnu-tools-for-stm32.9-2020-q2-update.win32_1.5.0.202011040924/tools/bin/../lib/gcc/arm-none-eabi/9.3.1/../../../../arm-none-eabi/lib/thumb/v6-m/nofp\libc_nano.a(lib_a-isattyr.o)
                0x0000000008006d94                _isatty_r
 .text._lseek_r
                0x0000000008006db8       0x28 d:/st/stm32cubeide_1.6.0/stm32cubeide/plugins/com.st.stm32cube.ide.mcu.externaltools.gnu-tools-for-stm32.9-2020-q2-update.win32_1.5.0.202011040924/tools/bin/../lib/gcc/arm-none-eabi/9.3.1/../../../../arm-none-eabi/lib/thumb/v6-m/nofp\libc_nano.a(lib_a-lseekr.o)
                0x0000000008006db8                _lseek_r
 .text.__malloc_lock
                0x0000000008006de0       0x10 d:/st/stm32cubeide_1.6.0/stm32cubeide/plugins/com.st.stm32cube.ide.mcu.externaltools.gnu-tools-for-stm32.9-2020-q2-update.win32_1.5.0.202011040924/tools/bin/../lib/gcc/arm-none-eabi/9.3.1/../../../../arm-none-eabi/lib/thumb/v6-m/nofp\libc_nano.a(lib_a-mlock.o)
                0x0000000008006de0                __malloc_lock
 .text.__malloc_unlock
                0x0000000008006df0       0x10 d:/st/stm32cubeide_1.6.0/stm32cubeide/plugins/com.st.stm32cube.ide.mcu.externaltools.gnu-tools-for-stm32.9-2020-q2-update.win32_1.5.0.202011040924/tools/bin/../lib/gcc/arm-none-eabi/9.3.1/../../../../arm-none-eabi/lib/thumb/v6-m/nofp\libc_nano.a(lib_a-mlock.o)
                0x0000000008006df0                __malloc_unlock
 .text._read_r  0x0000000008006e00       0x28 d:/st/stm32cubeide_1.6.0/stm32cubeide/plugins/com.st.stm32cube.ide.mcu.externaltools.gnu-tools-for-stm32.9-2020-q2-update.win32_1.5.0.202011040924/tools/bin/../lib/gcc/arm-none-eabi/9.3.1/../../../../arm-none-eabi/lib/thumb/v6-m/nofp\libc_nano.a(lib_a-readr.o)
                0x0000000008006e00                _read_r
 *(.glue_7)
 .glue_7        0x0000000008006e28        0x0 linker stubs
 *(.glue_7t)
 .glue_7t       0x0000000008006e28        0x0 linker stubs
 *(.eh_frame)
 .eh_frame      0x0000000008006e28        0x0 d:/st/stm32cubeide_1.6.0/stm32cubeide/plugins/com.st.stm32cube.ide.mcu.externaltools.gnu-tools-for-stm32.9-2020-q2-update.win32_1.5.0.202011040924/tools/bin/../lib/gcc/arm-none-eabi/9.3.1/thumb/v6-m/nofp/crtbegin.o
 *(.init)
 .init          0x0000000008006e28        0x4 d:/st/stm32cubeide_1.6.0/stm32cubeide/plugins/com.st.stm32cube.ide.mcu.externaltools.gnu-tools-for-stm32.9-2020-q2-update.win32_1.5.0.202011040924/tools/bin/../lib/gcc/arm-none-eabi/9.3.1/thumb/v6-m/nofp/crti.o
                0x0000000008006e28                _init
 .init          0x0000000008006e2c        0x8 d:/st/stm32cubeide_1.6.0/stm32cubeide/plugins/com.st.stm32cube.ide.mcu.externaltools.gnu-tools-for-stm32.9-2020-q2-update.win32_1.5.0.202011040924/tools/bin/../lib/gcc/arm-none-eabi/9.3.1/thumb/v6-m/nofp/crtn.o
 *(.fini)
 .fini          0x0000000008006e34        0x4 d:/st/stm32cubeide_1.6.0/stm32cubeide/plugins/com.st.stm32cube.ide.mcu.externaltools.gnu-tools-for-stm32.9-2020-q2-update.win32_1.5.0.202011040924/tools/bin/../lib/gcc/arm-none-eabi/9.3.1/thumb/v6-m/nofp/crti.o
                0x0000000008006e34                _fini
 .fini          0x0000000008006e38        0x8 d:/st/stm32cubeide_1.6.0/stm32cubeide/plugins/com.st.stm32cube.ide.mcu.externaltools.gnu-tools-for-stm32.9-2020-q2-update.win32_1.5.0.202011040924/tools/bin/../lib/gcc/arm-none-eabi/9.3.1/thumb/v6-m/nofp/crtn.o
                0x0000000008006e40                . = ALIGN (0x4)
                0x0000000008006e40                _etext = .

.vfp11_veneer   0x0000000008006e40        0x0
 .vfp11_veneer  0x0000000008006e40        0x0 linker stubs

.v4_bx          0x0000000008006e40        0x0
 .v4_bx         0x0000000008006e40        0x0 linker stubs

.iplt           0x0000000008006e40        0x0
 .iplt          0x0000000008006e40        0x0 d:/st/stm32cubeide_1.6.0/stm32cubeide/plugins/com.st.stm32cube.ide.mcu.externaltools.gnu-tools-for-stm32.9-2020-q2-update.win32_1.5.0.202011040924/tools/bin/../lib/gcc/arm-none-eabi/9.3.1/thumb/v6-m/nofp/crtbegin.o

.rodata         0x0000000008006e40      0x154
                0x0000000008006e40                . = ALIGN (0x4)
 *(.rodata)
 .rodata        0x0000000008006e40       0x10 Drivers/STM32G0xx_HAL_Driver/Src/stm32g0xx_hal_uart_ex.o
 .rodata        0x0000000008006e50       0x13 Smart1/S1_main.o
 *(.rodata*)
 *fill*         0x0000000008006e63        0x1 
 .rodata.AHBPrescTable
                0x0000000008006e64       0x40 Core/Src/system_stm32g0xx.o
                0x0000000008006e64                AHBPrescTable
 .rodata.APBPrescTable
                0x0000000008006ea4       0x20 Core/Src/system_stm32g0xx.o
                0x0000000008006ea4                APBPrescTable
 .rodata.HAL_TIM_PWM_ConfigChannel
                0x0000000008006ec4       0x54 Drivers/STM32G0xx_HAL_Driver/Src/stm32g0xx_hal_tim.o
 .rodata.UARTPrescTable
                0x0000000008006f18       0x18 Drivers/STM32G0xx_HAL_Driver/Src/stm32g0xx_hal_uart.o
                0x0000000008006f18                UARTPrescTable
 .rodata._global_impure_ptr
                0x0000000008006f30        0x4 d:/st/stm32cubeide_1.6.0/stm32cubeide/plugins/com.st.stm32cube.ide.mcu.externaltools.gnu-tools-for-stm32.9-2020-q2-update.win32_1.5.0.202011040924/tools/bin/../lib/gcc/arm-none-eabi/9.3.1/../../../../arm-none-eabi/lib/thumb/v6-m/nofp\libc_nano.a(lib_a-impure.o)
                0x0000000008006f30                _global_impure_ptr
 .rodata.__sf_fake_stderr
                0x0000000008006f34       0x20 d:/st/stm32cubeide_1.6.0/stm32cubeide/plugins/com.st.stm32cube.ide.mcu.externaltools.gnu-tools-for-stm32.9-2020-q2-update.win32_1.5.0.202011040924/tools/bin/../lib/gcc/arm-none-eabi/9.3.1/../../../../arm-none-eabi/lib/thumb/v6-m/nofp\libc_nano.a(lib_a-findfp.o)
                0x0000000008006f34                __sf_fake_stderr
 .rodata.__sf_fake_stdin
                0x0000000008006f54       0x20 d:/st/stm32cubeide_1.6.0/stm32cubeide/plugins/com.st.stm32cube.ide.mcu.externaltools.gnu-tools-for-stm32.9-2020-q2-update.win32_1.5.0.202011040924/tools/bin/../lib/gcc/arm-none-eabi/9.3.1/../../../../arm-none-eabi/lib/thumb/v6-m/nofp\libc_nano.a(lib_a-findfp.o)
                0x0000000008006f54                __sf_fake_stdin
 .rodata.__sf_fake_stdout
                0x0000000008006f74       0x20 d:/st/stm32cubeide_1.6.0/stm32cubeide/plugins/com.st.stm32cube.ide.mcu.externaltools.gnu-tools-for-stm32.9-2020-q2-update.win32_1.5.0.202011040924/tools/bin/../lib/gcc/arm-none-eabi/9.3.1/../../../../arm-none-eabi/lib/thumb/v6-m/nofp\libc_nano.a(lib_a-findfp.o)
                0x0000000008006f74                __sf_fake_stdout
                0x0000000008006f94                . = ALIGN (0x4)

.ARM.extab      0x0000000008006f94        0x0
                0x0000000008006f94                . = ALIGN (0x4)
 *(.ARM.extab* .gnu.linkonce.armextab.*)
                0x0000000008006f94                . = ALIGN (0x4)

.ARM            0x0000000008006f94        0x8
                0x0000000008006f94                . = ALIGN (0x4)
                0x0000000008006f94                __exidx_start = .
 *(.ARM.exidx*)
 .ARM.exidx     0x0000000008006f94        0x8 d:/st/stm32cubeide_1.6.0/stm32cubeide/plugins/com.st.stm32cube.ide.mcu.externaltools.gnu-tools-for-stm32.9-2020-q2-update.win32_1.5.0.202011040924/tools/bin/../lib/gcc/arm-none-eabi/9.3.1/thumb/v6-m/nofp\libgcc.a(_udivmoddi4.o)
                0x0000000008006f9c                __exidx_end = .
                0x0000000008006f9c                . = ALIGN (0x4)

.rel.dyn        0x0000000008006f9c        0x0
 .rel.iplt      0x0000000008006f9c        0x0 d:/st/stm32cubeide_1.6.0/stm32cubeide/plugins/com.st.stm32cube.ide.mcu.externaltools.gnu-tools-for-stm32.9-2020-q2-update.win32_1.5.0.202011040924/tools/bin/../lib/gcc/arm-none-eabi/9.3.1/thumb/v6-m/nofp/crtbegin.o

.preinit_array  0x0000000008006f9c        0x0
                0x0000000008006f9c                . = ALIGN (0x4)
                0x0000000008006f9c                PROVIDE (__preinit_array_start = .)
 *(.preinit_array*)
                0x0000000008006f9c                PROVIDE (__preinit_array_end = .)
                0x0000000008006f9c                . = ALIGN (0x4)

.init_array     0x0000000008006f9c        0x4
                0x0000000008006f9c                . = ALIGN (0x4)
                0x0000000008006f9c                PROVIDE (__init_array_start = .)
 *(SORT_BY_NAME(.init_array.*))
 *(.init_array*)
 .init_array    0x0000000008006f9c        0x4 d:/st/stm32cubeide_1.6.0/stm32cubeide/plugins/com.st.stm32cube.ide.mcu.externaltools.gnu-tools-for-stm32.9-2020-q2-update.win32_1.5.0.202011040924/tools/bin/../lib/gcc/arm-none-eabi/9.3.1/thumb/v6-m/nofp/crtbegin.o
                0x0000000008006fa0                PROVIDE (__init_array_end = .)
                0x0000000008006fa0                . = ALIGN (0x4)

.fini_array     0x0000000008006fa0        0x4
                0x0000000008006fa0                . = ALIGN (0x4)
                [!provide]                        PROVIDE (__fini_array_start = .)
 *(SORT_BY_NAME(.fini_array.*))
 *(.fini_array*)
 .fini_array    0x0000000008006fa0        0x4 d:/st/stm32cubeide_1.6.0/stm32cubeide/plugins/com.st.stm32cube.ide.mcu.externaltools.gnu-tools-for-stm32.9-2020-q2-update.win32_1.5.0.202011040924/tools/bin/../lib/gcc/arm-none-eabi/9.3.1/thumb/v6-m/nofp/crtbegin.o
                [!provide]                        PROVIDE (__fini_array_end = .)
                0x0000000008006fa4                . = ALIGN (0x4)
                0x0000000008006fa4                _sidata = LOADADDR (.data)

.data           0x0000000020000000       0x80 load address 0x0000000008006fa4
                0x0000000020000000                . = ALIGN (0x4)
                0x0000000020000000                _sdata = .
 *(.data)
 *(.data*)
 .data.SystemCoreClock
                0x0000000020000000        0x4 Core/Src/system_stm32g0xx.o
                0x0000000020000000                SystemCoreClock
 .data.uwTickPrio
                0x0000000020000004        0x4 Drivers/STM32G0xx_HAL_Driver/Src/stm32g0xx_hal.o
                0x0000000020000004                uwTickPrio
 .data.uwTickFreq
                0x0000000020000008        0x1 Drivers/STM32G0xx_HAL_Driver/Src/stm32g0xx_hal.o
                0x0000000020000008                uwTickFreq
 *fill*         0x0000000020000009        0x3 
 .data.Buffer1  0x000000002000000c        0x6 Smart1/S1_main.o
                0x000000002000000c                Buffer1
 *fill*         0x0000000020000012        0x2 
 .data.Buffer2  0x0000000020000014        0x6 Smart1/S1_main.o
                0x0000000020000014                Buffer2
 *fill*         0x000000002000001a        0x2 
 .data._impure_ptr
                0x000000002000001c        0x4 d:/st/stm32cubeide_1.6.0/stm32cubeide/plugins/com.st.stm32cube.ide.mcu.externaltools.gnu-tools-for-stm32.9-2020-q2-update.win32_1.5.0.202011040924/tools/bin/../lib/gcc/arm-none-eabi/9.3.1/../../../../arm-none-eabi/lib/thumb/v6-m/nofp\libc_nano.a(lib_a-impure.o)
                0x000000002000001c                _impure_ptr
 .data.impure_data
                0x0000000020000020       0x60 d:/st/stm32cubeide_1.6.0/stm32cubeide/plugins/com.st.stm32cube.ide.mcu.externaltools.gnu-tools-for-stm32.9-2020-q2-update.win32_1.5.0.202011040924/tools/bin/../lib/gcc/arm-none-eabi/9.3.1/../../../../arm-none-eabi/lib/thumb/v6-m/nofp\libc_nano.a(lib_a-impure.o)
 *(.RamFunc)
 *(.RamFunc*)
                0x0000000020000080                . = ALIGN (0x4)
                0x0000000020000080                _edata = .

.igot.plt       0x0000000020000080        0x0 load address 0x0000000008007024
 .igot.plt      0x0000000020000080        0x0 d:/st/stm32cubeide_1.6.0/stm32cubeide/plugins/com.st.stm32cube.ide.mcu.externaltools.gnu-tools-for-stm32.9-2020-q2-update.win32_1.5.0.202011040924/tools/bin/../lib/gcc/arm-none-eabi/9.3.1/thumb/v6-m/nofp/crtbegin.o
                0x0000000020000080                . = ALIGN (0x4)

.bss            0x0000000020000080     0x1470 load address 0x0000000008007024
                0x0000000020000080                _sbss = .
                0x0000000020000080                __bss_start__ = _sbss
 *(.bss)
 .bss           0x0000000020000080       0x1c d:/st/stm32cubeide_1.6.0/stm32cubeide/plugins/com.st.stm32cube.ide.mcu.externaltools.gnu-tools-for-stm32.9-2020-q2-update.win32_1.5.0.202011040924/tools/bin/../lib/gcc/arm-none-eabi/9.3.1/thumb/v6-m/nofp/crtbegin.o
 *(.bss*)
 .bss.__sbrk_heap_end
                0x000000002000009c        0x4 Core/Src/sysmem.o
 .bss.shot_status
                0x00000000200000a0        0x1 Smart1/S1_main.o
 .bss.mode_state
                0x00000000200000a1        0x1 Smart1/key.o
 *fill*         0x00000000200000a2        0x2 
 .bss.mode_startTime
                0x00000000200000a4        0x4 Smart1/key.o
 .bss.shot_state
                0x00000000200000a8        0x1 Smart1/key.o
 *fill*         0x00000000200000a9        0x3 
 .bss.shot_startTime
                0x00000000200000ac        0x4 Smart1/key.o
 .bss.USART_RX_STA
                0x00000000200000b0        0x2 Smart1/uart.o
                0x00000000200000b0                USART_RX_STA
 *fill*         0x00000000200000b2        0x2 
 .bss.BUF_DMA   0x00000000200000b4     0x1140 Smart1/ws2812.o
 .bss.__malloc_free_list
                0x00000000200011f4        0x4 d:/st/stm32cubeide_1.6.0/stm32cubeide/plugins/com.st.stm32cube.ide.mcu.externaltools.gnu-tools-for-stm32.9-2020-q2-update.win32_1.5.0.202011040924/tools/bin/../lib/gcc/arm-none-eabi/9.3.1/../../../../arm-none-eabi/lib/thumb/v6-m/nofp\libc_nano.a(lib_a-nano-mallocr.o)
                0x00000000200011f4                __malloc_free_list
 .bss.__malloc_sbrk_start
                0x00000000200011f8        0x4 d:/st/stm32cubeide_1.6.0/stm32cubeide/plugins/com.st.stm32cube.ide.mcu.externaltools.gnu-tools-for-stm32.9-2020-q2-update.win32_1.5.0.202011040924/tools/bin/../lib/gcc/arm-none-eabi/9.3.1/../../../../arm-none-eabi/lib/thumb/v6-m/nofp\libc_nano.a(lib_a-nano-mallocr.o)
                0x00000000200011f8                __malloc_sbrk_start
 *(COMMON)
 COMMON         0x00000000200011fc       0xf4 Core/Src/tim.o
                0x00000000200011fc                htim3
                0x0000000020001248                hdma_tim2_ch4
                0x00000000200012a4                htim2
 COMMON         0x00000000200012f0      0x120 Core/Src/usart.o
                0x00000000200012f0                huart1
                0x0000000020001380                huart2
 COMMON         0x0000000020001410        0x4 Drivers/STM32G0xx_HAL_Driver/Src/stm32g0xx_hal.o
                0x0000000020001410                uwTick
 COMMON         0x0000000020001414       0xcc Smart1/uart.o
                0x0000000020001414                aRxBuffer
                0x0000000020001418                USART_RX_BUF
 COMMON         0x00000000200014e0        0x9 d:/st/stm32cubeide_1.6.0/stm32cubeide/plugins/com.st.stm32cube.ide.mcu.externaltools.gnu-tools-for-stm32.9-2020-q2-update.win32_1.5.0.202011040924/tools/bin/../lib/gcc/arm-none-eabi/9.3.1/../../../../arm-none-eabi/lib/thumb/v6-m/nofp\libc_nano.a(lib_a-lock.o)
                0x00000000200014e0                __lock___atexit_recursive_mutex
                0x00000000200014e1                __lock___arc4random_mutex
                0x00000000200014e2                __lock___env_recursive_mutex
                0x00000000200014e3                __lock___sinit_recursive_mutex
                0x00000000200014e4                __lock___malloc_recursive_mutex
                0x00000000200014e5                __lock___at_quick_exit_mutex
                0x00000000200014e6                __lock___dd_hash_mutex
                0x00000000200014e7                __lock___tz_mutex
                0x00000000200014e8                __lock___sfp_recursive_mutex
 *fill*         0x00000000200014e9        0x3 
 COMMON         0x00000000200014ec        0x4 d:/st/stm32cubeide_1.6.0/stm32cubeide/plugins/com.st.stm32cube.ide.mcu.externaltools.gnu-tools-for-stm32.9-2020-q2-update.win32_1.5.0.202011040924/tools/bin/../lib/gcc/arm-none-eabi/9.3.1/../../../../arm-none-eabi/lib/thumb/v6-m/nofp\libc_nano.a(lib_a-reent.o)
                0x00000000200014ec                errno
                0x00000000200014f0                . = ALIGN (0x4)
                0x00000000200014f0                _ebss = .
                0x00000000200014f0                __bss_end__ = _ebss

._user_heap_stack
                0x00000000200014f0      0x600 load address 0x0000000008007024
                0x00000000200014f0                . = ALIGN (0x8)
                [!provide]                        PROVIDE (end = .)
                0x00000000200014f0                PROVIDE (_end = .)
                0x00000000200016f0                . = (. + _Min_Heap_Size)
 *fill*         0x00000000200014f0      0x200 
                0x0000000020001af0                . = (. + _Min_Stack_Size)
 *fill*         0x00000000200016f0      0x400 
                0x0000000020001af0                . = ALIGN (0x8)

/DISCARD/
 libc.a(*)
 libm.a(*)
 libgcc.a(*)

.ARM.attributes
                0x0000000000000000       0x28
 *(.ARM.attributes)
 .ARM.attributes
                0x0000000000000000       0x1e d:/st/stm32cubeide_1.6.0/stm32cubeide/plugins/com.st.stm32cube.ide.mcu.externaltools.gnu-tools-for-stm32.9-2020-q2-update.win32_1.5.0.202011040924/tools/bin/../lib/gcc/arm-none-eabi/9.3.1/thumb/v6-m/nofp/crti.o
 .ARM.attributes
                0x000000000000001e       0x2c d:/st/stm32cubeide_1.6.0/stm32cubeide/plugins/com.st.stm32cube.ide.mcu.externaltools.gnu-tools-for-stm32.9-2020-q2-update.win32_1.5.0.202011040924/tools/bin/../lib/gcc/arm-none-eabi/9.3.1/thumb/v6-m/nofp/crtbegin.o
 .ARM.attributes
                0x000000000000004a       0x2c Core/Src/dma.o
 .ARM.attributes
                0x0000000000000076       0x2c Core/Src/gpio.o
 .ARM.attributes
                0x00000000000000a2       0x2c Core/Src/main.o
 .ARM.attributes
                0x00000000000000ce       0x2c Core/Src/stm32g0xx_hal_msp.o
 .ARM.attributes
                0x00000000000000fa       0x2c Core/Src/stm32g0xx_it.o
 .ARM.attributes
                0x0000000000000126       0x2c Core/Src/syscalls.o
 .ARM.attributes
                0x0000000000000152       0x2c Core/Src/sysmem.o
 .ARM.attributes
                0x000000000000017e       0x2c Core/Src/system_stm32g0xx.o
 .ARM.attributes
                0x00000000000001aa       0x2c Core/Src/tim.o
 .ARM.attributes
                0x00000000000001d6       0x2c Core/Src/usart.o
 .ARM.attributes
                0x0000000000000202       0x22 Core/Startup/startup_stm32g031g8ux.o
 .ARM.attributes
                0x0000000000000224       0x2c Drivers/STM32G0xx_HAL_Driver/Src/stm32g0xx_hal.o
 .ARM.attributes
                0x0000000000000250       0x2c Drivers/STM32G0xx_HAL_Driver/Src/stm32g0xx_hal_cortex.o
 .ARM.attributes
                0x000000000000027c       0x2c Drivers/STM32G0xx_HAL_Driver/Src/stm32g0xx_hal_dma.o
 .ARM.attributes
                0x00000000000002a8       0x2c Drivers/STM32G0xx_HAL_Driver/Src/stm32g0xx_hal_gpio.o
 .ARM.attributes
                0x00000000000002d4       0x2c Drivers/STM32G0xx_HAL_Driver/Src/stm32g0xx_hal_pwr_ex.o
 .ARM.attributes
                0x0000000000000300       0x2c Drivers/STM32G0xx_HAL_Driver/Src/stm32g0xx_hal_rcc.o
 .ARM.attributes
                0x000000000000032c       0x2c Drivers/STM32G0xx_HAL_Driver/Src/stm32g0xx_hal_rcc_ex.o
 .ARM.attributes
                0x0000000000000358       0x2c Drivers/STM32G0xx_HAL_Driver/Src/stm32g0xx_hal_tim.o
 .ARM.attributes
                0x0000000000000384       0x2c Drivers/STM32G0xx_HAL_Driver/Src/stm32g0xx_hal_tim_ex.o
 .ARM.attributes
                0x00000000000003b0       0x2c Drivers/STM32G0xx_HAL_Driver/Src/stm32g0xx_hal_uart.o
 .ARM.attributes
                0x00000000000003dc       0x2c Drivers/STM32G0xx_HAL_Driver/Src/stm32g0xx_hal_uart_ex.o
 .ARM.attributes
                0x0000000000000408       0x2c Smart1/S1_main.o
 .ARM.attributes
                0x0000000000000434       0x2c Smart1/key.o
 .ARM.attributes
                0x0000000000000460       0x2c Smart1/servo.o
 .ARM.attributes
                0x000000000000048c       0x2c Smart1/uart.o
 .ARM.attributes
                0x00000000000004b8       0x2c Smart1/ws2812.o
 .ARM.attributes
                0x00000000000004e4       0x2c d:/st/stm32cubeide_1.6.0/stm32cubeide/plugins/com.st.stm32cube.ide.mcu.externaltools.gnu-tools-for-stm32.9-2020-q2-update.win32_1.5.0.202011040924/tools/bin/../lib/gcc/arm-none-eabi/9.3.1/../../../../arm-none-eabi/lib/thumb/v6-m/nofp\libc_nano.a(lib_a-errno.o)
 .ARM.attributes
                0x0000000000000510       0x2c d:/st/stm32cubeide_1.6.0/stm32cubeide/plugins/com.st.stm32cube.ide.mcu.externaltools.gnu-tools-for-stm32.9-2020-q2-update.win32_1.5.0.202011040924/tools/bin/../lib/gcc/arm-none-eabi/9.3.1/../../../../arm-none-eabi/lib/thumb/v6-m/nofp\libc_nano.a(lib_a-impure.o)
 .ARM.attributes
                0x000000000000053c       0x2c d:/st/stm32cubeide_1.6.0/stm32cubeide/plugins/com.st.stm32cube.ide.mcu.externaltools.gnu-tools-for-stm32.9-2020-q2-update.win32_1.5.0.202011040924/tools/bin/../lib/gcc/arm-none-eabi/9.3.1/../../../../arm-none-eabi/lib/thumb/v6-m/nofp\libc_nano.a(lib_a-init.o)
 .ARM.attributes
                0x0000000000000568       0x2c d:/st/stm32cubeide_1.6.0/stm32cubeide/plugins/com.st.stm32cube.ide.mcu.externaltools.gnu-tools-for-stm32.9-2020-q2-update.win32_1.5.0.202011040924/tools/bin/../lib/gcc/arm-none-eabi/9.3.1/../../../../arm-none-eabi/lib/thumb/v6-m/nofp\libc_nano.a(lib_a-memset.o)
 .ARM.attributes
                0x0000000000000594       0x2c d:/st/stm32cubeide_1.6.0/stm32cubeide/plugins/com.st.stm32cube.ide.mcu.externaltools.gnu-tools-for-stm32.9-2020-q2-update.win32_1.5.0.202011040924/tools/bin/../lib/gcc/arm-none-eabi/9.3.1/../../../../arm-none-eabi/lib/thumb/v6-m/nofp\libc_nano.a(lib_a-puts.o)
 .ARM.attributes
                0x00000000000005c0       0x2c d:/st/stm32cubeide_1.6.0/stm32cubeide/plugins/com.st.stm32cube.ide.mcu.externaltools.gnu-tools-for-stm32.9-2020-q2-update.win32_1.5.0.202011040924/tools/bin/../lib/gcc/arm-none-eabi/9.3.1/../../../../arm-none-eabi/lib/thumb/v6-m/nofp\libc_nano.a(lib_a-wbuf.o)
 .ARM.attributes
                0x00000000000005ec       0x2c d:/st/stm32cubeide_1.6.0/stm32cubeide/plugins/com.st.stm32cube.ide.mcu.externaltools.gnu-tools-for-stm32.9-2020-q2-update.win32_1.5.0.202011040924/tools/bin/../lib/gcc/arm-none-eabi/9.3.1/../../../../arm-none-eabi/lib/thumb/v6-m/nofp\libc_nano.a(lib_a-wsetup.o)
 .ARM.attributes
                0x0000000000000618       0x2c d:/st/stm32cubeide_1.6.0/stm32cubeide/plugins/com.st.stm32cube.ide.mcu.externaltools.gnu-tools-for-stm32.9-2020-q2-update.win32_1.5.0.202011040924/tools/bin/../lib/gcc/arm-none-eabi/9.3.1/../../../../arm-none-eabi/lib/thumb/v6-m/nofp\libc_nano.a(lib_a-fflush.o)
 .ARM.attributes
                0x0000000000000644       0x2c d:/st/stm32cubeide_1.6.0/stm32cubeide/plugins/com.st.stm32cube.ide.mcu.externaltools.gnu-tools-for-stm32.9-2020-q2-update.win32_1.5.0.202011040924/tools/bin/../lib/gcc/arm-none-eabi/9.3.1/../../../../arm-none-eabi/lib/thumb/v6-m/nofp\libc_nano.a(lib_a-findfp.o)
 .ARM.attributes
                0x0000000000000670       0x2c d:/st/stm32cubeide_1.6.0/stm32cubeide/plugins/com.st.stm32cube.ide.mcu.externaltools.gnu-tools-for-stm32.9-2020-q2-update.win32_1.5.0.202011040924/tools/bin/../lib/gcc/arm-none-eabi/9.3.1/../../../../arm-none-eabi/lib/thumb/v6-m/nofp\libc_nano.a(lib_a-fwalk.o)
 .ARM.attributes
                0x000000000000069c       0x2c d:/st/stm32cubeide_1.6.0/stm32cubeide/plugins/com.st.stm32cube.ide.mcu.externaltools.gnu-tools-for-stm32.9-2020-q2-update.win32_1.5.0.202011040924/tools/bin/../lib/gcc/arm-none-eabi/9.3.1/../../../../arm-none-eabi/lib/thumb/v6-m/nofp\libc_nano.a(lib_a-lock.o)
 .ARM.attributes
                0x00000000000006c8       0x2c d:/st/stm32cubeide_1.6.0/stm32cubeide/plugins/com.st.stm32cube.ide.mcu.externaltools.gnu-tools-for-stm32.9-2020-q2-update.win32_1.5.0.202011040924/tools/bin/../lib/gcc/arm-none-eabi/9.3.1/../../../../arm-none-eabi/lib/thumb/v6-m/nofp\libc_nano.a(lib_a-makebuf.o)
 .ARM.attributes
                0x00000000000006f4       0x2c d:/st/stm32cubeide_1.6.0/stm32cubeide/plugins/com.st.stm32cube.ide.mcu.externaltools.gnu-tools-for-stm32.9-2020-q2-update.win32_1.5.0.202011040924/tools/bin/../lib/gcc/arm-none-eabi/9.3.1/../../../../arm-none-eabi/lib/thumb/v6-m/nofp\libc_nano.a(lib_a-nano-freer.o)
 .ARM.attributes
                0x0000000000000720       0x2c d:/st/stm32cubeide_1.6.0/stm32cubeide/plugins/com.st.stm32cube.ide.mcu.externaltools.gnu-tools-for-stm32.9-2020-q2-update.win32_1.5.0.202011040924/tools/bin/../lib/gcc/arm-none-eabi/9.3.1/../../../../arm-none-eabi/lib/thumb/v6-m/nofp\libc_nano.a(lib_a-nano-mallocr.o)
 .ARM.attributes
                0x000000000000074c       0x2c d:/st/stm32cubeide_1.6.0/stm32cubeide/plugins/com.st.stm32cube.ide.mcu.externaltools.gnu-tools-for-stm32.9-2020-q2-update.win32_1.5.0.202011040924/tools/bin/../lib/gcc/arm-none-eabi/9.3.1/../../../../arm-none-eabi/lib/thumb/v6-m/nofp\libc_nano.a(lib_a-sbrkr.o)
 .ARM.attributes
                0x0000000000000778       0x2c d:/st/stm32cubeide_1.6.0/stm32cubeide/plugins/com.st.stm32cube.ide.mcu.externaltools.gnu-tools-for-stm32.9-2020-q2-update.win32_1.5.0.202011040924/tools/bin/../lib/gcc/arm-none-eabi/9.3.1/../../../../arm-none-eabi/lib/thumb/v6-m/nofp\libc_nano.a(lib_a-stdio.o)
 .ARM.attributes
                0x00000000000007a4       0x2c d:/st/stm32cubeide_1.6.0/stm32cubeide/plugins/com.st.stm32cube.ide.mcu.externaltools.gnu-tools-for-stm32.9-2020-q2-update.win32_1.5.0.202011040924/tools/bin/../lib/gcc/arm-none-eabi/9.3.1/../../../../arm-none-eabi/lib/thumb/v6-m/nofp\libc_nano.a(lib_a-writer.o)
 .ARM.attributes
                0x00000000000007d0       0x2c d:/st/stm32cubeide_1.6.0/stm32cubeide/plugins/com.st.stm32cube.ide.mcu.externaltools.gnu-tools-for-stm32.9-2020-q2-update.win32_1.5.0.202011040924/tools/bin/../lib/gcc/arm-none-eabi/9.3.1/../../../../arm-none-eabi/lib/thumb/v6-m/nofp\libc_nano.a(lib_a-closer.o)
 .ARM.attributes
                0x00000000000007fc       0x2c d:/st/stm32cubeide_1.6.0/stm32cubeide/plugins/com.st.stm32cube.ide.mcu.externaltools.gnu-tools-for-stm32.9-2020-q2-update.win32_1.5.0.202011040924/tools/bin/../lib/gcc/arm-none-eabi/9.3.1/../../../../arm-none-eabi/lib/thumb/v6-m/nofp\libc_nano.a(lib_a-fstatr.o)
 .ARM.attributes
                0x0000000000000828       0x2c d:/st/stm32cubeide_1.6.0/stm32cubeide/plugins/com.st.stm32cube.ide.mcu.externaltools.gnu-tools-for-stm32.9-2020-q2-update.win32_1.5.0.202011040924/tools/bin/../lib/gcc/arm-none-eabi/9.3.1/../../../../arm-none-eabi/lib/thumb/v6-m/nofp\libc_nano.a(lib_a-isattyr.o)
 .ARM.attributes
                0x0000000000000854       0x2c d:/st/stm32cubeide_1.6.0/stm32cubeide/plugins/com.st.stm32cube.ide.mcu.externaltools.gnu-tools-for-stm32.9-2020-q2-update.win32_1.5.0.202011040924/tools/bin/../lib/gcc/arm-none-eabi/9.3.1/../../../../arm-none-eabi/lib/thumb/v6-m/nofp\libc_nano.a(lib_a-lseekr.o)
 .ARM.attributes
                0x0000000000000880       0x2c d:/st/stm32cubeide_1.6.0/stm32cubeide/plugins/com.st.stm32cube.ide.mcu.externaltools.gnu-tools-for-stm32.9-2020-q2-update.win32_1.5.0.202011040924/tools/bin/../lib/gcc/arm-none-eabi/9.3.1/../../../../arm-none-eabi/lib/thumb/v6-m/nofp\libc_nano.a(lib_a-mlock.o)
 .ARM.attributes
                0x00000000000008ac       0x2c d:/st/stm32cubeide_1.6.0/stm32cubeide/plugins/com.st.stm32cube.ide.mcu.externaltools.gnu-tools-for-stm32.9-2020-q2-update.win32_1.5.0.202011040924/tools/bin/../lib/gcc/arm-none-eabi/9.3.1/../../../../arm-none-eabi/lib/thumb/v6-m/nofp\libc_nano.a(lib_a-readr.o)
 .ARM.attributes
                0x00000000000008d8       0x2c d:/st/stm32cubeide_1.6.0/stm32cubeide/plugins/com.st.stm32cube.ide.mcu.externaltools.gnu-tools-for-stm32.9-2020-q2-update.win32_1.5.0.202011040924/tools/bin/../lib/gcc/arm-none-eabi/9.3.1/../../../../arm-none-eabi/lib/thumb/v6-m/nofp\libc_nano.a(lib_a-reent.o)
 .ARM.attributes
                0x0000000000000904       0x1e d:/st/stm32cubeide_1.6.0/stm32cubeide/plugins/com.st.stm32cube.ide.mcu.externaltools.gnu-tools-for-stm32.9-2020-q2-update.win32_1.5.0.202011040924/tools/bin/../lib/gcc/arm-none-eabi/9.3.1/thumb/v6-m/nofp\libgcc.a(_udivsi3.o)
 .ARM.attributes
                0x0000000000000922       0x1e d:/st/stm32cubeide_1.6.0/stm32cubeide/plugins/com.st.stm32cube.ide.mcu.externaltools.gnu-tools-for-stm32.9-2020-q2-update.win32_1.5.0.202011040924/tools/bin/../lib/gcc/arm-none-eabi/9.3.1/thumb/v6-m/nofp\libgcc.a(_divsi3.o)
 .ARM.attributes
                0x0000000000000940       0x1e d:/st/stm32cubeide_1.6.0/stm32cubeide/plugins/com.st.stm32cube.ide.mcu.externaltools.gnu-tools-for-stm32.9-2020-q2-update.win32_1.5.0.202011040924/tools/bin/../lib/gcc/arm-none-eabi/9.3.1/thumb/v6-m/nofp\libgcc.a(_dvmd_tls.o)
 .ARM.attributes
                0x000000000000095e       0x1e d:/st/stm32cubeide_1.6.0/stm32cubeide/plugins/com.st.stm32cube.ide.mcu.externaltools.gnu-tools-for-stm32.9-2020-q2-update.win32_1.5.0.202011040924/tools/bin/../lib/gcc/arm-none-eabi/9.3.1/thumb/v6-m/nofp\libgcc.a(_aeabi_uldivmod.o)
 .ARM.attributes
                0x000000000000097c       0x2c d:/st/stm32cubeide_1.6.0/stm32cubeide/plugins/com.st.stm32cube.ide.mcu.externaltools.gnu-tools-for-stm32.9-2020-q2-update.win32_1.5.0.202011040924/tools/bin/../lib/gcc/arm-none-eabi/9.3.1/thumb/v6-m/nofp\libgcc.a(_udivmoddi4.o)
 .ARM.attributes
                0x00000000000009a8       0x1e d:/st/stm32cubeide_1.6.0/stm32cubeide/plugins/com.st.stm32cube.ide.mcu.externaltools.gnu-tools-for-stm32.9-2020-q2-update.win32_1.5.0.202011040924/tools/bin/../lib/gcc/arm-none-eabi/9.3.1/thumb/v6-m/nofp\libgcc.a(_clzdi2.o)
 .ARM.attributes
                0x00000000000009c6       0x1e d:/st/stm32cubeide_1.6.0/stm32cubeide/plugins/com.st.stm32cube.ide.mcu.externaltools.gnu-tools-for-stm32.9-2020-q2-update.win32_1.5.0.202011040924/tools/bin/../lib/gcc/arm-none-eabi/9.3.1/thumb/v6-m/nofp\libgcc.a(_clzsi2.o)
 .ARM.attributes
                0x00000000000009e4       0x1e d:/st/stm32cubeide_1.6.0/stm32cubeide/plugins/com.st.stm32cube.ide.mcu.externaltools.gnu-tools-for-stm32.9-2020-q2-update.win32_1.5.0.202011040924/tools/bin/../lib/gcc/arm-none-eabi/9.3.1/thumb/v6-m/nofp/crtn.o
OUTPUT(jujiqiang-main-v1.1.0.elf elf32-littlearm)
LOAD linker stubs
LOAD d:/st/stm32cubeide_1.6.0/stm32cubeide/plugins/com.st.stm32cube.ide.mcu.externaltools.gnu-tools-for-stm32.9-2020-q2-update.win32_1.5.0.202011040924/tools/bin/../lib/gcc/arm-none-eabi/9.3.1/../../../../arm-none-eabi/lib/thumb/v6-m/nofp\libc.a
LOAD d:/st/stm32cubeide_1.6.0/stm32cubeide/plugins/com.st.stm32cube.ide.mcu.externaltools.gnu-tools-for-stm32.9-2020-q2-update.win32_1.5.0.202011040924/tools/bin/../lib/gcc/arm-none-eabi/9.3.1/../../../../arm-none-eabi/lib/thumb/v6-m/nofp\libm.a
LOAD d:/st/stm32cubeide_1.6.0/stm32cubeide/plugins/com.st.stm32cube.ide.mcu.externaltools.gnu-tools-for-stm32.9-2020-q2-update.win32_1.5.0.202011040924/tools/bin/../lib/gcc/arm-none-eabi/9.3.1/thumb/v6-m/nofp\libgcc.a

.debug_info     0x0000000000000000    0x15e40
 .debug_info    0x0000000000000000      0x4df Core/Src/dma.o
 .debug_info    0x00000000000004df      0x59b Core/Src/gpio.o
 .debug_info    0x0000000000000a7a      0xf30 Core/Src/main.o
 .debug_info    0x00000000000019aa      0x427 Core/Src/stm32g0xx_hal_msp.o
 .debug_info    0x0000000000001dd1      0xd42 Core/Src/stm32g0xx_it.o
 .debug_info    0x0000000000002b13      0xfa8 Core/Src/syscalls.o
 .debug_info    0x0000000000003abb      0xa25 Core/Src/sysmem.o
 .debug_info    0x00000000000044e0      0x53b Core/Src/system_stm32g0xx.o
 .debug_info    0x0000000000004a1b      0xe97 Core/Src/tim.o
 .debug_info    0x00000000000058b2      0xd54 Core/Src/usart.o
 .debug_info    0x0000000000006606       0x22 Core/Startup/startup_stm32g031g8ux.o
 .debug_info    0x0000000000006628      0xb7d Drivers/STM32G0xx_HAL_Driver/Src/stm32g0xx_hal.o
 .debug_info    0x00000000000071a5      0xa8c Drivers/STM32G0xx_HAL_Driver/Src/stm32g0xx_hal_cortex.o
 .debug_info    0x0000000000007c31      0xa25 Drivers/STM32G0xx_HAL_Driver/Src/stm32g0xx_hal_dma.o
 .debug_info    0x0000000000008656      0x750 Drivers/STM32G0xx_HAL_Driver/Src/stm32g0xx_hal_gpio.o
 .debug_info    0x0000000000008da6      0x93e Drivers/STM32G0xx_HAL_Driver/Src/stm32g0xx_hal_pwr_ex.o
 .debug_info    0x00000000000096e4      0xc03 Drivers/STM32G0xx_HAL_Driver/Src/stm32g0xx_hal_rcc.o
 .debug_info    0x000000000000a2e7      0x920 Drivers/STM32G0xx_HAL_Driver/Src/stm32g0xx_hal_rcc_ex.o
 .debug_info    0x000000000000ac07     0x2d06 Drivers/STM32G0xx_HAL_Driver/Src/stm32g0xx_hal_tim.o
 .debug_info    0x000000000000d90d     0x1910 Drivers/STM32G0xx_HAL_Driver/Src/stm32g0xx_hal_tim_ex.o
 .debug_info    0x000000000000f21d     0x1c2d Drivers/STM32G0xx_HAL_Driver/Src/stm32g0xx_hal_uart.o
 .debug_info    0x0000000000010e4a      0xe4f Drivers/STM32G0xx_HAL_Driver/Src/stm32g0xx_hal_uart_ex.o
 .debug_info    0x0000000000011c99     0x167b Smart1/S1_main.o
 .debug_info    0x0000000000013314      0x414 Smart1/key.o
 .debug_info    0x0000000000013728      0x959 Smart1/servo.o
 .debug_info    0x0000000000014081      0x98e Smart1/uart.o
 .debug_info    0x0000000000014a0f     0x1431 Smart1/ws2812.o

.debug_abbrev   0x0000000000000000     0x33e7
 .debug_abbrev  0x0000000000000000      0x13b Core/Src/dma.o
 .debug_abbrev  0x000000000000013b      0x14e Core/Src/gpio.o
 .debug_abbrev  0x0000000000000289      0x1da Core/Src/main.o
 .debug_abbrev  0x0000000000000463      0x13d Core/Src/stm32g0xx_hal_msp.o
 .debug_abbrev  0x00000000000005a0      0x198 Core/Src/stm32g0xx_it.o
 .debug_abbrev  0x0000000000000738      0x286 Core/Src/syscalls.o
 .debug_abbrev  0x00000000000009be      0x1bf Core/Src/sysmem.o
 .debug_abbrev  0x0000000000000b7d      0x165 Core/Src/system_stm32g0xx.o
 .debug_abbrev  0x0000000000000ce2      0x1fd Core/Src/tim.o
 .debug_abbrev  0x0000000000000edf      0x1c4 Core/Src/usart.o
 .debug_abbrev  0x00000000000010a3       0x12 Core/Startup/startup_stm32g031g8ux.o
 .debug_abbrev  0x00000000000010b5      0x276 Drivers/STM32G0xx_HAL_Driver/Src/stm32g0xx_hal.o
 .debug_abbrev  0x000000000000132b      0x2c5 Drivers/STM32G0xx_HAL_Driver/Src/stm32g0xx_hal_cortex.o
 .debug_abbrev  0x00000000000015f0      0x1ec Drivers/STM32G0xx_HAL_Driver/Src/stm32g0xx_hal_dma.o
 .debug_abbrev  0x00000000000017dc      0x1df Drivers/STM32G0xx_HAL_Driver/Src/stm32g0xx_hal_gpio.o
 .debug_abbrev  0x00000000000019bb      0x245 Drivers/STM32G0xx_HAL_Driver/Src/stm32g0xx_hal_pwr_ex.o
 .debug_abbrev  0x0000000000001c00      0x23d Drivers/STM32G0xx_HAL_Driver/Src/stm32g0xx_hal_rcc.o
 .debug_abbrev  0x0000000000001e3d      0x1fc Drivers/STM32G0xx_HAL_Driver/Src/stm32g0xx_hal_rcc_ex.o
 .debug_abbrev  0x0000000000002039      0x280 Drivers/STM32G0xx_HAL_Driver/Src/stm32g0xx_hal_tim.o
 .debug_abbrev  0x00000000000022b9      0x277 Drivers/STM32G0xx_HAL_Driver/Src/stm32g0xx_hal_tim_ex.o
 .debug_abbrev  0x0000000000002530      0x270 Drivers/STM32G0xx_HAL_Driver/Src/stm32g0xx_hal_uart.o
 .debug_abbrev  0x00000000000027a0      0x235 Drivers/STM32G0xx_HAL_Driver/Src/stm32g0xx_hal_uart_ex.o
 .debug_abbrev  0x00000000000029d5      0x244 Smart1/S1_main.o
 .debug_abbrev  0x0000000000002c19      0x17e Smart1/key.o
 .debug_abbrev  0x0000000000002d97      0x1ba Smart1/servo.o
 .debug_abbrev  0x0000000000002f51      0x1f4 Smart1/uart.o
 .debug_abbrev  0x0000000000003145      0x2a2 Smart1/ws2812.o

.debug_aranges  0x0000000000000000     0x10b8
 .debug_aranges
                0x0000000000000000       0x20 Core/Src/dma.o
 .debug_aranges
                0x0000000000000020       0x20 Core/Src/gpio.o
 .debug_aranges
                0x0000000000000040       0x30 Core/Src/main.o
 .debug_aranges
                0x0000000000000070       0x20 Core/Src/stm32g0xx_hal_msp.o
 .debug_aranges
                0x0000000000000090       0x50 Core/Src/stm32g0xx_it.o
 .debug_aranges
                0x00000000000000e0       0xa8 Core/Src/syscalls.o
 .debug_aranges
                0x0000000000000188       0x20 Core/Src/sysmem.o
 .debug_aranges
                0x00000000000001a8       0x28 Core/Src/system_stm32g0xx.o
 .debug_aranges
                0x00000000000001d0       0x50 Core/Src/tim.o
 .debug_aranges
                0x0000000000000220       0x38 Core/Src/usart.o
 .debug_aranges
                0x0000000000000258       0x28 Core/Startup/startup_stm32g031g8ux.o
 .debug_aranges
                0x0000000000000280      0x128 Drivers/STM32G0xx_HAL_Driver/Src/stm32g0xx_hal.o
 .debug_aranges
                0x00000000000003a8       0xd8 Drivers/STM32G0xx_HAL_Driver/Src/stm32g0xx_hal_cortex.o
 .debug_aranges
                0x0000000000000480       0x90 Drivers/STM32G0xx_HAL_Driver/Src/stm32g0xx_hal_dma.o
 .debug_aranges
                0x0000000000000510       0x60 Drivers/STM32G0xx_HAL_Driver/Src/stm32g0xx_hal_gpio.o
 .debug_aranges
                0x0000000000000570       0xf0 Drivers/STM32G0xx_HAL_Driver/Src/stm32g0xx_hal_pwr_ex.o
 .debug_aranges
                0x0000000000000660       0x98 Drivers/STM32G0xx_HAL_Driver/Src/stm32g0xx_hal_rcc.o
 .debug_aranges
                0x00000000000006f8       0x40 Drivers/STM32G0xx_HAL_Driver/Src/stm32g0xx_hal_rcc_ex.o
 .debug_aranges
                0x0000000000000738      0x3e0 Drivers/STM32G0xx_HAL_Driver/Src/stm32g0xx_hal_tim.o
 .debug_aranges
                0x0000000000000b18      0x198 Drivers/STM32G0xx_HAL_Driver/Src/stm32g0xx_hal_tim_ex.o
 .debug_aranges
                0x0000000000000cb0      0x248 Drivers/STM32G0xx_HAL_Driver/Src/stm32g0xx_hal_uart.o
 .debug_aranges
                0x0000000000000ef8       0xa0 Drivers/STM32G0xx_HAL_Driver/Src/stm32g0xx_hal_uart_ex.o
 .debug_aranges
                0x0000000000000f98       0x38 Smart1/S1_main.o
 .debug_aranges
                0x0000000000000fd0       0x28 Smart1/key.o
 .debug_aranges
                0x0000000000000ff8       0x28 Smart1/servo.o
 .debug_aranges
                0x0000000000001020       0x30 Smart1/uart.o
 .debug_aranges
                0x0000000000001050       0x68 Smart1/ws2812.o

.debug_ranges   0x0000000000000000      0xf40
 .debug_ranges  0x0000000000000000       0x10 Core/Src/dma.o
 .debug_ranges  0x0000000000000010       0x10 Core/Src/gpio.o
 .debug_ranges  0x0000000000000020       0x20 Core/Src/main.o
 .debug_ranges  0x0000000000000040       0x10 Core/Src/stm32g0xx_hal_msp.o
 .debug_ranges  0x0000000000000050       0x40 Core/Src/stm32g0xx_it.o
 .debug_ranges  0x0000000000000090       0x98 Core/Src/syscalls.o
 .debug_ranges  0x0000000000000128       0x10 Core/Src/sysmem.o
 .debug_ranges  0x0000000000000138       0x18 Core/Src/system_stm32g0xx.o
 .debug_ranges  0x0000000000000150       0x40 Core/Src/tim.o
 .debug_ranges  0x0000000000000190       0x28 Core/Src/usart.o
 .debug_ranges  0x00000000000001b8       0x20 Core/Startup/startup_stm32g031g8ux.o
 .debug_ranges  0x00000000000001d8      0x118 Drivers/STM32G0xx_HAL_Driver/Src/stm32g0xx_hal.o
 .debug_ranges  0x00000000000002f0       0xc8 Drivers/STM32G0xx_HAL_Driver/Src/stm32g0xx_hal_cortex.o
 .debug_ranges  0x00000000000003b8       0x80 Drivers/STM32G0xx_HAL_Driver/Src/stm32g0xx_hal_dma.o
 .debug_ranges  0x0000000000000438       0x50 Drivers/STM32G0xx_HAL_Driver/Src/stm32g0xx_hal_gpio.o
 .debug_ranges  0x0000000000000488       0xe0 Drivers/STM32G0xx_HAL_Driver/Src/stm32g0xx_hal_pwr_ex.o
 .debug_ranges  0x0000000000000568       0x88 Drivers/STM32G0xx_HAL_Driver/Src/stm32g0xx_hal_rcc.o
 .debug_ranges  0x00000000000005f0       0x30 Drivers/STM32G0xx_HAL_Driver/Src/stm32g0xx_hal_rcc_ex.o
 .debug_ranges  0x0000000000000620      0x3d0 Drivers/STM32G0xx_HAL_Driver/Src/stm32g0xx_hal_tim.o
 .debug_ranges  0x00000000000009f0      0x188 Drivers/STM32G0xx_HAL_Driver/Src/stm32g0xx_hal_tim_ex.o
 .debug_ranges  0x0000000000000b78      0x268 Drivers/STM32G0xx_HAL_Driver/Src/stm32g0xx_hal_uart.o
 .debug_ranges  0x0000000000000de0       0x90 Drivers/STM32G0xx_HAL_Driver/Src/stm32g0xx_hal_uart_ex.o
 .debug_ranges  0x0000000000000e70       0x28 Smart1/S1_main.o
 .debug_ranges  0x0000000000000e98       0x18 Smart1/key.o
 .debug_ranges  0x0000000000000eb0       0x18 Smart1/servo.o
 .debug_ranges  0x0000000000000ec8       0x20 Smart1/uart.o
 .debug_ranges  0x0000000000000ee8       0x58 Smart1/ws2812.o

.debug_macro    0x0000000000000000    0x18dbb
 .debug_macro   0x0000000000000000      0x1f8 Core/Src/dma.o
 .debug_macro   0x00000000000001f8      0xa7e Core/Src/dma.o
 .debug_macro   0x0000000000000c76      0x11d Core/Src/dma.o
 .debug_macro   0x0000000000000d93       0x2e Core/Src/dma.o
 .debug_macro   0x0000000000000dc1       0x28 Core/Src/dma.o
 .debug_macro   0x0000000000000de9       0x22 Core/Src/dma.o
 .debug_macro   0x0000000000000e0b       0x8e Core/Src/dma.o
 .debug_macro   0x0000000000000e99       0x51 Core/Src/dma.o
 .debug_macro   0x0000000000000eea      0x103 Core/Src/dma.o
 .debug_macro   0x0000000000000fed       0x6a Core/Src/dma.o
 .debug_macro   0x0000000000001057      0x1df Core/Src/dma.o
 .debug_macro   0x0000000000001236       0x1c Core/Src/dma.o
 .debug_macro   0x0000000000001252       0x22 Core/Src/dma.o
 .debug_macro   0x0000000000001274       0xd7 Core/Src/dma.o
 .debug_macro   0x000000000000134b      0x4da Core/Src/dma.o
 .debug_macro   0x0000000000001825      0x11f Core/Src/dma.o
 .debug_macro   0x0000000000001944     0xa9cb Core/Src/dma.o
 .debug_macro   0x000000000000c30f       0x3c Core/Src/dma.o
 .debug_macro   0x000000000000c34b     0x34b5 Core/Src/dma.o
 .debug_macro   0x000000000000f800      0x174 Core/Src/dma.o
 .debug_macro   0x000000000000f974       0x5c Core/Src/dma.o
 .debug_macro   0x000000000000f9d0      0x53b Core/Src/dma.o
 .debug_macro   0x000000000000ff0b      0xeeb Core/Src/dma.o
 .debug_macro   0x0000000000010df6      0x1d8 Core/Src/dma.o
 .debug_macro   0x0000000000010fce      0x153 Core/Src/dma.o
 .debug_macro   0x0000000000011121      0x122 Core/Src/dma.o
 .debug_macro   0x0000000000011243      0x390 Core/Src/dma.o
 .debug_macro   0x00000000000115d3      0x202 Core/Src/dma.o
 .debug_macro   0x00000000000117d5      0x2ff Core/Src/dma.o
 .debug_macro   0x0000000000011ad4      0x1b2 Core/Src/dma.o
 .debug_macro   0x0000000000011c86       0x43 Core/Src/dma.o
 .debug_macro   0x0000000000011cc9      0x1f1 Core/Src/dma.o
 .debug_macro   0x0000000000011eba      0x1d7 Core/Src/dma.o
 .debug_macro   0x0000000000012091      0x38a Core/Src/dma.o
 .debug_macro   0x000000000001241b       0x28 Core/Src/dma.o
 .debug_macro   0x0000000000012443       0xe4 Core/Src/dma.o
 .debug_macro   0x0000000000012527      0x10c Core/Src/dma.o
 .debug_macro   0x0000000000012633      0x240 Core/Src/dma.o
 .debug_macro   0x0000000000012873      0xa9f Core/Src/dma.o
 .debug_macro   0x0000000000013312      0x135 Core/Src/dma.o
 .debug_macro   0x0000000000013447      0x67e Core/Src/dma.o
 .debug_macro   0x0000000000013ac5       0xa6 Core/Src/dma.o
 .debug_macro   0x0000000000013b6b      0x49d Core/Src/dma.o
 .debug_macro   0x0000000000014008       0x28 Core/Src/dma.o
 .debug_macro   0x0000000000014030      0x1f8 Core/Src/gpio.o
 .debug_macro   0x0000000000014228      0x24f Core/Src/main.o
 .debug_macro   0x0000000000014477       0x22 Core/Src/main.o
 .debug_macro   0x0000000000014499       0x3a Core/Src/main.o
 .debug_macro   0x00000000000144d3       0x16 Core/Src/main.o
 .debug_macro   0x00000000000144e9      0x1ee Core/Src/stm32g0xx_hal_msp.o
 .debug_macro   0x00000000000146d7      0x206 Core/Src/stm32g0xx_it.o
 .debug_macro   0x00000000000148dd      0x24c Core/Src/syscalls.o
 .debug_macro   0x0000000000014b29       0x4c Core/Src/syscalls.o
 .debug_macro   0x0000000000014b75       0x18 Core/Src/syscalls.o
 .debug_macro   0x0000000000014b8d       0x94 Core/Src/syscalls.o
 .debug_macro   0x0000000000014c21       0x3c Core/Src/syscalls.o
 .debug_macro   0x0000000000014c5d       0x34 Core/Src/syscalls.o
 .debug_macro   0x0000000000014c91       0x57 Core/Src/syscalls.o
 .debug_macro   0x0000000000014ce8      0x339 Core/Src/syscalls.o
 .debug_macro   0x0000000000015021       0x16 Core/Src/syscalls.o
 .debug_macro   0x0000000000015037       0x43 Core/Src/syscalls.o
 .debug_macro   0x000000000001507a       0x34 Core/Src/syscalls.o
 .debug_macro   0x00000000000150ae       0x10 Core/Src/syscalls.o
 .debug_macro   0x00000000000150be       0x58 Core/Src/syscalls.o
 .debug_macro   0x0000000000015116       0x71 Core/Src/syscalls.o
 .debug_macro   0x0000000000015187       0x1c Core/Src/syscalls.o
 .debug_macro   0x00000000000151a3      0x12a Core/Src/syscalls.o
 .debug_macro   0x00000000000152cd       0x10 Core/Src/syscalls.o
 .debug_macro   0x00000000000152dd       0x35 Core/Src/syscalls.o
 .debug_macro   0x0000000000015312       0x10 Core/Src/syscalls.o
 .debug_macro   0x0000000000015322       0x10 Core/Src/syscalls.o
 .debug_macro   0x0000000000015332       0x10 Core/Src/syscalls.o
 .debug_macro   0x0000000000015342       0x1c Core/Src/syscalls.o
 .debug_macro   0x000000000001535e       0x52 Core/Src/syscalls.o
 .debug_macro   0x00000000000153b0       0x22 Core/Src/syscalls.o
 .debug_macro   0x00000000000153d2       0x10 Core/Src/syscalls.o
 .debug_macro   0x00000000000153e2       0x40 Core/Src/syscalls.o
 .debug_macro   0x0000000000015422       0xd5 Core/Src/syscalls.o
 .debug_macro   0x00000000000154f7       0x1c Core/Src/syscalls.o
 .debug_macro   0x0000000000015513       0x3d Core/Src/syscalls.o
 .debug_macro   0x0000000000015550       0x35 Core/Src/syscalls.o
 .debug_macro   0x0000000000015585      0x12c Core/Src/syscalls.o
 .debug_macro   0x00000000000156b1       0x16 Core/Src/syscalls.o
 .debug_macro   0x00000000000156c7       0x16 Core/Src/syscalls.o
 .debug_macro   0x00000000000156dd       0x29 Core/Src/syscalls.o
 .debug_macro   0x0000000000015706       0x10 Core/Src/syscalls.o
 .debug_macro   0x0000000000015716      0x241 Core/Src/syscalls.o
 .debug_macro   0x0000000000015957       0x1c Core/Src/syscalls.o
 .debug_macro   0x0000000000015973       0x10 Core/Src/syscalls.o
 .debug_macro   0x0000000000015983       0x10 Core/Src/syscalls.o
 .debug_macro   0x0000000000015993       0x16 Core/Src/syscalls.o
 .debug_macro   0x00000000000159a9      0x145 Core/Src/syscalls.o
 .debug_macro   0x0000000000015aee      0x189 Core/Src/syscalls.o
 .debug_macro   0x0000000000015c77       0x16 Core/Src/syscalls.o
 .debug_macro   0x0000000000015c8d       0xce Core/Src/syscalls.o
 .debug_macro   0x0000000000015d5b       0xff Core/Src/sysmem.o
 .debug_macro   0x0000000000015e5a      0x23b Core/Src/sysmem.o
 .debug_macro   0x0000000000016095      0x1e5 Core/Src/system_stm32g0xx.o
 .debug_macro   0x000000000001627a      0x1f8 Core/Src/tim.o
 .debug_macro   0x0000000000016472      0x1f8 Core/Src/usart.o
 .debug_macro   0x000000000001666a      0x203 Drivers/STM32G0xx_HAL_Driver/Src/stm32g0xx_hal.o
 .debug_macro   0x000000000001686d      0x1df Drivers/STM32G0xx_HAL_Driver/Src/stm32g0xx_hal_cortex.o
 .debug_macro   0x0000000000016a4c      0x1df Drivers/STM32G0xx_HAL_Driver/Src/stm32g0xx_hal_dma.o
 .debug_macro   0x0000000000016c2b      0x217 Drivers/STM32G0xx_HAL_Driver/Src/stm32g0xx_hal_gpio.o
 .debug_macro   0x0000000000016e42      0x209 Drivers/STM32G0xx_HAL_Driver/Src/stm32g0xx_hal_pwr_ex.o
 .debug_macro   0x000000000001704b      0x21b Drivers/STM32G0xx_HAL_Driver/Src/stm32g0xx_hal_rcc.o
 .debug_macro   0x0000000000017266      0x1f7 Drivers/STM32G0xx_HAL_Driver/Src/stm32g0xx_hal_rcc_ex.o
 .debug_macro   0x000000000001745d      0x1e7 Drivers/STM32G0xx_HAL_Driver/Src/stm32g0xx_hal_tim.o
 .debug_macro   0x0000000000017644      0x1e5 Drivers/STM32G0xx_HAL_Driver/Src/stm32g0xx_hal_tim_ex.o
 .debug_macro   0x0000000000017829      0x20a Drivers/STM32G0xx_HAL_Driver/Src/stm32g0xx_hal_uart.o
 .debug_macro   0x0000000000017a33      0x1eb Drivers/STM32G0xx_HAL_Driver/Src/stm32g0xx_hal_uart_ex.o
 .debug_macro   0x0000000000017c1e      0x3cd Smart1/S1_main.o